[{"is_imperial_unit":false,"race_distance":"3000m","elapsed_time":787,"distance":3.0761,"distance_unit":"km","activity_id":690217795,"activity_name":"Run Canterbury - 3km Time Trial","start_date":"2016-03-10","workout_type_name":"race","elapsed_time_formatted":"00:13:07","pace_in_seconds":255.81990278843696,"pace":"4:16","pace_unit":"/km","elevation":0,"elevation_unit":"m","cadence":179,"suffer_score":53,"gear_name":"ASICS Noosa Tri 10 (Orange)","average_heartrate":175,"average_hr_zone":"4","max_heartrate":183,"max_hr_zone":"4"}]