[{"is_imperial_unit":false,"race_distance":"Half Marathon","elapsed_time":5874,"distance":21.2821,"distance_unit":"km","activity_id":1019790623,"activity_name":"Christchurch Marathon 2017","start_date":"2017-06-04","workout_type_name":"race","elapsed_time_formatted":"01:37:54","pace_in_seconds":276.0143527463428,"pace":"4:37","pace_unit":"/km","elevation":217,"elevation_unit":"m","cadence":177,"suffer_score":126,"gear_name":"ASICS DS  Racer 10","average_heartrate":146,"average_hr_zone":"1","max_heartrate":184,"max_hr_zone":"5"},{"is_imperial_unit":false,"race_distance":"Half Marathon","elapsed_time":5932,"distance":21.1513,"distance_unit":"km","activity_id":861862237,"activity_name":"Buller Gorge Marathon 2017","start_date":"2017-02-11","workout_type_name":"race","elapsed_time_formatted":"01:38:52","pace_in_seconds":280.42624789680315,"pace":"4:41","pace_unit":"/km","elevation":109,"elevation_unit":"m","cadence":179,"suffer_score":394,"gear_name":"ASICS Noosa Tri 10 (Orange)","average_heartrate":170,"average_hr_zone":"3","max_heartrate":186,"max_hr_zone":"5"},{"is_imperial_unit":false,"race_distance":"Half Marathon","elapsed_time":6298,"distance":21.2393,"distance_unit":"km","activity_id":746513888,"activity_name":"Amsterdam Marathon 2016","start_date":"2016-10-16","workout_type_name":"race","elapsed_time_formatted":"01:44:58","pace_in_seconds":296.5599051008304,"pace":"4:57","pace_unit":"/km","elevation":14,"elevation_unit":"m","cadence":176,"suffer_score":269,"gear_name":"ASICS Noosa Tri 10 (Aqua Mint)","average_heartrate":167,"average_hr_zone":"3","max_heartrate":191,"max_hr_zone":"5"},{"is_imperial_unit":false,"race_distance":"Half Marathon","elapsed_time":6487,"distance":21.2359,"distance_unit":"km","activity_id":731800152,"activity_name":"Lisbon Rock N' Roll Half Marathon 2016","start_date":"2016-10-02","workout_type_name":"race","elapsed_time_formatted":"01:48:07","pace_in_seconds":305.43677458766035,"pace":"5:06","pace_unit":"/km","elevation":126,"elevation_unit":"m","cadence":175,"suffer_score":371,"gear_name":"ASICS Noosa Tri 10 (Aqua Mint)","average_heartrate":172,"average_hr_zone":"4","max_heartrate":188,"max_hr_zone":"5"},{"is_imperial_unit":false,"race_distance":"Half Marathon","elapsed_time":5645,"distance":21.1388,"distance_unit":"km","activity_id":690235515,"activity_name":"Southern Lakes Half Marathon 2016","start_date":"2016-04-02","workout_type_name":"race","elapsed_time_formatted":"01:34:05","pace_in_seconds":267.022696929239,"pace":"4:28","pace_unit":"/km","elevation":16,"elevation_unit":"m","cadence":179,"suffer_score":271,"gear_name":"ASICS DS Trainer 19 (Blue)","average_heartrate":169,"average_hr_zone":"3","max_heartrate":180,"max_hr_zone":"4"},{"is_imperial_unit":false,"race_distance":"Half Marathon","elapsed_time":5891,"distance":21.1445,"distance_unit":"km","activity_id":690216114,"activity_name":"Buller Gorge Marathon 2016","start_date":"2016-02-13","workout_type_name":"race","elapsed_time_formatted":"01:38:11","pace_in_seconds":278.6291446085261,"pace":"4:39","pace_unit":"/km","elevation":351,"elevation_unit":"m","cadence":177,"suffer_score":299,"gear_name":"ASICS DS Trainer 19 (Blue)","average_heartrate":169,"average_hr_zone":"3","max_heartrate":176,"max_hr_zone":"4"},{"is_imperial_unit":false,"race_distance":"Half Marathon","elapsed_time":6203,"distance":21.1445,"distance_unit":"km","activity_id":690211873,"activity_name":"Queenstown Marathon 2015","start_date":"2015-11-21","workout_type_name":"race","elapsed_time_formatted":"01:43:23","pace_in_seconds":293.3411557641537,"pace":"4:54","pace_unit":"/km","elevation":206,"elevation_unit":"m","cadence":174,"suffer_score":285,"gear_name":"ASICS DS Trainer 19 (Blue)","average_heartrate":167,"average_hr_zone":"3","max_heartrate":184,"max_hr_zone":"5"}]