[{"is_imperial_unit":false,"race_distance":"Other Distances","elapsed_time":1037,"distance":4.0257,"distance_unit":"km","activity_id":952328683,"activity_name":"Hagley Memorial Relays 2017","start_date":"2017-04-22","workout_type_name":"race","elapsed_time_formatted":"00:17:17","pace_in_seconds":257.5991756826378,"pace":"4:18","pace_unit":"/km","elevation":53,"elevation_unit":"m","cadence":181,"suffer_score":82,"gear_name":"ASICS DS Racer 9","average_heartrate":179,"average_hr_zone":"4","max_heartrate":186,"max_hr_zone":"5"},{"is_imperial_unit":false,"race_distance":"Other Distances","elapsed_time":3771,"distance":13.9225,"distance_unit":"km","activity_id":905343871,"activity_name":"City2Surf 2017","start_date":"2017-03-19","workout_type_name":"race","elapsed_time_formatted":"01:02:51","pace_in_seconds":270.85590465872156,"pace":"4:31","pace_unit":"/km","elevation":61,"elevation_unit":"m","cadence":179,"suffer_score":235,"gear_name":"ASICS DS Racer 9","average_heartrate":169,"average_hr_zone":"3","max_heartrate":182,"max_hr_zone":"4"},{"is_imperial_unit":false,"race_distance":"Other Distances","elapsed_time":1249,"distance":4.8465,"distance_unit":"km","activity_id":690215385,"activity_name":"Shoe Clinic ASICS 5K Series 2016 Race #3","start_date":"2016-01-26","workout_type_name":"race","elapsed_time_formatted":"00:20:49","pace_in_seconds":257.7319587628866,"pace":"4:18","pace_unit":"/km","elevation":20,"elevation_unit":"m","cadence":182,"suffer_score":73,"gear_name":"ASICS Noosa Tri 10 (Orange)","average_heartrate":169,"average_hr_zone":"3","max_heartrate":174,"max_hr_zone":"4"},{"is_imperial_unit":false,"race_distance":"Other Distances","elapsed_time":1363,"distance":4.838,"distance_unit":"km","activity_id":690196182,"activity_name":"Shoe Clinic ASICS 5K Series 2015 Race #2","start_date":"2015-01-13","workout_type_name":"race","elapsed_time_formatted":"00:22:43","pace_in_seconds":281.69014084507046,"pace":"4:42","pace_unit":"/km","elevation":24,"elevation_unit":"m","cadence":"","suffer_score":"","gear_name":"ASICS DS Racer 9","average_heartrate":-1,"average_hr_zone":"na","max_heartrate":-1,"max_hr_zone":"na"}]