[{"is_imperial_unit":false,"race_distance":"15k","elapsed_time":4043,"distance":14.7463,"distance_unit":"km","activity_id":932298832,"activity_name":"Tai Tapu 15km Road Race 2017","start_date":"2017-04-08","workout_type_name":"race","elapsed_time_formatted":"01:07:23","pace":"4:34","pace_unit":"/km","elevation":39,"elevation_unit":"m","cadence":177,"suffer_score":275,"gear_name":"ASICS DS Trainer 19 (Blue)","average_heartrate":172,"average_hr_zone":"4","max_heartrate":183,"max_hr_zone":"4"},{"is_imperial_unit":false,"race_distance":"15k","elapsed_time":4143,"distance":14.9214,"distance_unit":"km","activity_id":690225037,"activity_name":"Tai Tapu 15km Road Race 2016","start_date":"2016-04-09","workout_type_name":"race","elapsed_time_formatted":"01:09:03","pace":"4:38","pace_unit":"/km","elevation":82,"elevation_unit":"m","cadence":178,"suffer_score":263,"gear_name":"ASICS DS Trainer 19 (Blue)","average_heartrate":171,"average_hr_zone":"3","max_heartrate":183,"max_hr_zone":"4"}]