[{"is_imperial_unit":false,"race_distance":"Half Marathon","elapsed_time":6298,"distance":21.2393,"distance_unit":"km","activity_id":746513888,"activity_name":"Amsterdam Marathon 2016","start_date":"2016-10-16","workout_type_name":"race","elapsed_time_formatted":"01:44:58","pace":"4:57","pace_unit":"/km","elevation":14,"elevation_unit":"m","cadence":176,"suffer_score":269,"gear_name":"ASICS Noosa Tri 10 (Aqua Mint)","average_heartrate":167,"average_hr_zone":"3","max_heartrate":191,"max_hr_zone":"5"},{"is_imperial_unit":false,"race_distance":"Half Marathon","elapsed_time":6487,"distance":21.2359,"distance_unit":"km","activity_id":731800152,"activity_name":"Lisbon Rock N' Roll Half Marathon 2016","start_date":"2016-10-02","workout_type_name":"race","elapsed_time_formatted":"01:48:07","pace":"5:05","pace_unit":"/km","elevation":126,"elevation_unit":"m","cadence":175,"suffer_score":371,"gear_name":"ASICS Noosa Tri 10 (Aqua Mint)","average_heartrate":172,"average_hr_zone":"4","max_heartrate":188,"max_hr_zone":"5"},{"is_imperial_unit":false,"race_distance":"10k","elapsed_time":2724,"distance":9.8385,"distance_unit":"km","activity_id":716148966,"activity_name":"EHM 10K Road Race 2016","start_date":"2016-09-18","workout_type_name":"race","elapsed_time_formatted":"00:45:24","pace":"4:37","pace_unit":"/km","elevation":12,"elevation_unit":"m","cadence":176,"suffer_score":191,"gear_name":"ASICS Noosa Tri 10 (Aqua Mint)","average_heartrate":179,"average_hr_zone":"4","max_heartrate":192,"max_hr_zone":"5"},{"is_imperial_unit":false,"race_distance":"5k","elapsed_time":1306,"distance":4.9372,"distance_unit":"km","activity_id":690232764,"activity_name":"Hagley Parkrun #99","start_date":"2016-08-20","workout_type_name":"race","elapsed_time_formatted":"00:21:46","pace":"4:25","pace_unit":"/km","elevation":47,"elevation_unit":"m","cadence":182,"suffer_score":78,"gear_name":"ASICS Noosa Tri 10 (Orange)","average_heartrate":170,"average_hr_zone":"3","max_heartrate":185,"max_hr_zone":"5"},{"is_imperial_unit":false,"race_distance":"15k","elapsed_time":4143,"distance":14.9214,"distance_unit":"km","activity_id":690225037,"activity_name":"Tai Tapu 15km Road Race 2016","start_date":"2016-04-09","workout_type_name":"race","elapsed_time_formatted":"01:09:03","pace":"4:38","pace_unit":"/km","elevation":82,"elevation_unit":"m","cadence":178,"suffer_score":263,"gear_name":"ASICS DS Trainer 19 (Blue)","average_heartrate":171,"average_hr_zone":"3","max_heartrate":183,"max_hr_zone":"4"},{"is_imperial_unit":false,"race_distance":"Half Marathon","elapsed_time":5645,"distance":21.1388,"distance_unit":"km","activity_id":690235515,"activity_name":"Southern Lakes Half Marathon 2016","start_date":"2016-04-02","workout_type_name":"race","elapsed_time_formatted":"01:34:05","pace":"4:27","pace_unit":"/km","elevation":16,"elevation_unit":"m","cadence":179,"suffer_score":271,"gear_name":"ASICS DS Trainer 19 (Blue)","average_heartrate":169,"average_hr_zone":"3","max_heartrate":180,"max_hr_zone":"4"},{"is_imperial_unit":false,"race_distance":"3000m","elapsed_time":787,"distance":3.0761,"distance_unit":"km","activity_id":690217795,"activity_name":"Run Canterbury - 3km Time Trial","start_date":"2016-03-10","workout_type_name":"race","elapsed_time_formatted":"00:13:07","pace":"4:16","pace_unit":"/km","elevation":0,"elevation_unit":"m","cadence":179,"suffer_score":53,"gear_name":"ASICS Noosa Tri 10 (Orange)","average_heartrate":175,"average_hr_zone":"4","max_heartrate":183,"max_hr_zone":"4"},{"is_imperial_unit":false,"race_distance":"5k","elapsed_time":1264,"distance":5.008100000000001,"distance_unit":"km","activity_id":690216722,"activity_name":"Sri Chinmoy Sumner 2016 Race #1","start_date":"2016-02-28","workout_type_name":"race","elapsed_time_formatted":"00:21:04","pace":"4:12","pace_unit":"/km","elevation":65,"elevation_unit":"m","cadence":183,"suffer_score":84,"gear_name":"ASICS DS Racer 9","average_heartrate":176,"average_hr_zone":"4","max_heartrate":185,"max_hr_zone":"5"},{"is_imperial_unit":false,"race_distance":"5k","elapsed_time":1270,"distance":4.9301,"distance_unit":"km","activity_id":690216325,"activity_name":"Hagley parkrun #73","start_date":"2016-02-20","workout_type_name":"race","elapsed_time_formatted":"00:21:10","pace":"4:18","pace_unit":"/km","elevation":44,"elevation_unit":"m","cadence":183,"suffer_score":80,"gear_name":"ASICS Noosa Tri 10 (Orange)","average_heartrate":174,"average_hr_zone":"4","max_heartrate":188,"max_hr_zone":"5"},{"is_imperial_unit":false,"race_distance":"Half Marathon","elapsed_time":5891,"distance":21.1445,"distance_unit":"km","activity_id":690216114,"activity_name":"Buller Gorge Marathon 2016","start_date":"2016-02-13","workout_type_name":"race","elapsed_time_formatted":"01:38:11","pace":"4:39","pace_unit":"/km","elevation":351,"elevation_unit":"m","cadence":177,"suffer_score":299,"gear_name":"ASICS DS Trainer 19 (Blue)","average_heartrate":169,"average_hr_zone":"3","max_heartrate":176,"max_hr_zone":"4"},{"is_imperial_unit":false,"race_distance":"5k","elapsed_time":1272,"distance":4.9368,"distance_unit":"km","activity_id":690215985,"activity_name":"Shoe Clinic ASICS 5K Series 2016 Race #5","start_date":"2016-02-09","workout_type_name":"race","elapsed_time_formatted":"00:21:12","pace":"4:18","pace_unit":"/km","elevation":22,"elevation_unit":"m","cadence":180,"suffer_score":82,"gear_name":"ASICS DS Trainer 19 (Blue)","average_heartrate":172,"average_hr_zone":"4","max_heartrate":180,"max_hr_zone":"4"},{"is_imperial_unit":false,"race_distance":"Other","elapsed_time":1249,"distance":4.8465,"distance_unit":"km","activity_id":690215385,"activity_name":"Shoe Clinic ASICS 5K Series 2016 Race #3","start_date":"2016-01-26","workout_type_name":"race","elapsed_time_formatted":"00:20:49","pace":"4:18","pace_unit":"/km","elevation":20,"elevation_unit":"m","cadence":182,"suffer_score":73,"gear_name":"ASICS Noosa Tri 10 (Orange)","average_heartrate":169,"average_hr_zone":"3","max_heartrate":174,"max_hr_zone":"4"},{"is_imperial_unit":false,"race_distance":"10k","elapsed_time":2709,"distance":9.9129,"distance_unit":"km","activity_id":690215227,"activity_name":"Sri Chinmoy 10km North Hagley Park","start_date":"2016-01-24","workout_type_name":"race","elapsed_time_formatted":"00:45:09","pace":"4:33","pace_unit":"/km","elevation":68,"elevation_unit":"m","cadence":180,"suffer_score":179,"gear_name":"ASICS DS Racer 9","average_heartrate":171,"average_hr_zone":"3","max_heartrate":176,"max_hr_zone":"4"},{"is_imperial_unit":false,"race_distance":"5k","elapsed_time":1259,"distance":4.9168,"distance_unit":"km","activity_id":690215044,"activity_name":"Shoe Clinic ASICS 5K Series 2016 Race #2","start_date":"2016-01-19","workout_type_name":"race","elapsed_time_formatted":"00:20:59","pace":"4:16","pace_unit":"/km","elevation":21,"elevation_unit":"m","cadence":181,"suffer_score":83,"gear_name":"ASICS Noosa Tri 10 (Orange)","average_heartrate":170,"average_hr_zone":"3","max_heartrate":176,"max_hr_zone":"4"},{"is_imperial_unit":false,"race_distance":"5k","elapsed_time":1255,"distance":4.9459,"distance_unit":"km","activity_id":690214708,"activity_name":"Shoe Clinic ASICS 5K Series 2016 Race #1","start_date":"2016-01-12","workout_type_name":"race","elapsed_time_formatted":"00:20:55","pace":"4:14","pace_unit":"/km","elevation":21,"elevation_unit":"m","cadence":"","suffer_score":85,"gear_name":"ASICS DS Racer 9","average_heartrate":173,"average_hr_zone":"4","max_heartrate":177,"max_hr_zone":"4"},{"is_imperial_unit":false,"race_distance":"5k","elapsed_time":1304,"distance":5.0099,"distance_unit":"km","activity_id":690214538,"activity_name":"Hagley parkrun #67","start_date":"2016-01-09","workout_type_name":"race","elapsed_time_formatted":"00:21:44","pace":"4:20","pace_unit":"/km","elevation":43,"elevation_unit":"m","cadence":180,"suffer_score":86,"gear_name":"ASICS Noosa Tri 10 (Orange)","average_heartrate":175,"average_hr_zone":"4","max_heartrate":183,"max_hr_zone":"4"},{"is_imperial_unit":false,"race_distance":"5k","elapsed_time":1270,"distance":4.926,"distance_unit":"km","activity_id":690214219,"activity_name":"Hagley parkrun #66","start_date":"2016-01-02","workout_type_name":"race","elapsed_time_formatted":"00:21:10","pace":"4:18","pace_unit":"/km","elevation":42,"elevation_unit":"m","cadence":184,"suffer_score":86,"gear_name":"ASICS DS Racer 9","average_heartrate":176,"average_hr_zone":"4","max_heartrate":183,"max_hr_zone":"4"}]