[{"is_imperial_unit":false,"race_distance":"Half Marathon","elapsed_time":5874,"distance":21.2821,"distance_unit":"km","activity_id":1019790623,"activity_name":"Christchurch Marathon 2017","start_date":"2017-06-04","workout_type_name":"race","elapsed_time_formatted":"01:37:54","pace":"4:36","pace_unit":"/km","elevation":217,"elevation_unit":"m","cadence":177,"suffer_score":126,"gear_name":"ASICS DS  Racer 10","average_heartrate":146,"average_hr_zone":"1","max_heartrate":184,"max_hr_zone":"5"},{"is_imperial_unit":false,"race_distance":"Other","elapsed_time":1037,"distance":4.0257,"distance_unit":"km","activity_id":952328683,"activity_name":"Hagley Memorial Relays 2017","start_date":"2017-04-22","workout_type_name":"race","elapsed_time_formatted":"00:17:17","pace":"4:18","pace_unit":"/km","elevation":53,"elevation_unit":"m","cadence":181,"suffer_score":82,"gear_name":"ASICS DS Racer 9","average_heartrate":179,"average_hr_zone":"4","max_heartrate":186,"max_hr_zone":"5"},{"is_imperial_unit":false,"race_distance":"15k","elapsed_time":4043,"distance":14.7463,"distance_unit":"km","activity_id":932298832,"activity_name":"Tai Tapu 15km Road Race 2017","start_date":"2017-04-08","workout_type_name":"race","elapsed_time_formatted":"01:07:23","pace":"4:34","pace_unit":"/km","elevation":39,"elevation_unit":"m","cadence":177,"suffer_score":275,"gear_name":"ASICS DS Trainer 19 (Blue)","average_heartrate":172,"average_hr_zone":"4","max_heartrate":183,"max_hr_zone":"4"},{"is_imperial_unit":false,"race_distance":"5k","elapsed_time":1286,"distance":4.9153,"distance_unit":"km","activity_id":922387515,"activity_name":"Hagley Parkrun #132","start_date":"2017-04-01","workout_type_name":"race","elapsed_time_formatted":"00:21:26","pace":"4:22","pace_unit":"/km","elevation":33,"elevation_unit":"m","cadence":181,"suffer_score":92,"gear_name":"ASICS DS Racer 9","average_heartrate":174,"average_hr_zone":"4","max_heartrate":185,"max_hr_zone":"5"},{"is_imperial_unit":false,"race_distance":"Other","elapsed_time":3771,"distance":13.9225,"distance_unit":"km","activity_id":905343871,"activity_name":"City2Surf 2017","start_date":"2017-03-19","workout_type_name":"race","elapsed_time_formatted":"01:02:51","pace":"4:31","pace_unit":"/km","elevation":61,"elevation_unit":"m","cadence":179,"suffer_score":235,"gear_name":"ASICS DS Racer 9","average_heartrate":169,"average_hr_zone":"3","max_heartrate":182,"max_hr_zone":"4"},{"is_imperial_unit":false,"race_distance":"Half Marathon","elapsed_time":5932,"distance":21.1513,"distance_unit":"km","activity_id":861862237,"activity_name":"Buller Gorge Marathon 2017","start_date":"2017-02-11","workout_type_name":"race","elapsed_time_formatted":"01:38:52","pace":"4:40","pace_unit":"/km","elevation":109,"elevation_unit":"m","cadence":179,"suffer_score":394,"gear_name":"ASICS Noosa Tri 10 (Orange)","average_heartrate":170,"average_hr_zone":"3","max_heartrate":186,"max_hr_zone":"5"},{"is_imperial_unit":false,"race_distance":"5k","elapsed_time":1293,"distance":4.901,"distance_unit":"km","activity_id":842318610,"activity_name":"Shoe Clinic ASICS 5K Series 2017 Race #3","start_date":"2017-01-24","workout_type_name":"race","elapsed_time_formatted":"00:21:33","pace":"4:24","pace_unit":"/km","elevation":23,"elevation_unit":"m","cadence":180,"suffer_score":84,"gear_name":"ASICS DS Trainer 19 (Blue)","average_heartrate":172,"average_hr_zone":"4","max_heartrate":184,"max_hr_zone":"5"}]