[{"race_distance":"Marathon","count":0,"is_major":true},{"race_distance":"Half Marathon","count":7,"is_major":true},{"race_distance":"10k","count":7,"is_major":true},{"race_distance":"5k","count":24,"is_major":true},{"race_distance":"100 miles","count":0,"is_major":false},{"race_distance":"100k","count":0,"is_major":false},{"race_distance":"50 miles","count":0,"is_major":false},{"race_distance":"50k","count":0,"is_major":false},{"race_distance":"20k","count":0,"is_major":false},{"race_distance":"15k","count":2,"is_major":false},{"race_distance":"3000m","count":1,"is_major":false},{"race_distance":"1 mile","count":0,"is_major":false},{"race_distance":"Other","count":4,"is_major":false}]