[{"race_year":"2017","count":7,"is_major":true},{"race_year":"2016","count":17,"is_major":true},{"race_year":"2015","count":20,"is_major":true},{"race_year":"2014","count":1,"is_major":true}]