[{"name":"Marathon","count":0,"is_major":true},{"name":"Half Marathon","count":7,"is_major":true},{"name":"10k","count":7,"is_major":true},{"name":"5k","count":24,"is_major":true},{"name":"100 miles","count":0,"is_major":false},{"name":"100k","count":0,"is_major":false},{"name":"50 miles","count":0,"is_major":false},{"name":"50k","count":0,"is_major":false},{"name":"20k","count":0,"is_major":false},{"name":"15k","count":2,"is_major":false},{"name":"3000m","count":1,"is_major":false},{"name":"1 mile","count":0,"is_major":false},{"name":"Other Distances","count":4,"is_major":false}]