[{"name":"2017","count":7,"is_major":true},{"name":"2016","count":17,"is_major":true},{"name":"2015","count":20,"is_major":true},{"name":"2014","count":1,"is_major":true}]