<!DOCTYPE html>
<html lang="en">
  <head>
        <title>Strafforts | Yi Zeng | Overview</title>

    <meta charset="utf-8">

    <!-- Tell the browser to be responsive to screen width -->
    <meta content="width=device-width, initial-scale=1" name="viewport">

    <!-- SEO meta tags -->
    <meta name="author" content="Yi Zeng">
        <meta property="og:title" content="Strafforts | Yi Zeng | Overview" />
    <meta property="og:locale" content="en" />
    <meta name="description" content="Visualized Strava best efforts (PBs) and races data for Yi Zeng." />
    <meta property="og:description" content="Visualized Strava best efforts (PBs) and races data for Yi Zeng." />
    <meta property="og:url" content="https://www.strafforts.com" />
    <meta name="keywords" content="strava,strafforts,bestefforts,pb,races,running,data,visualizer,analyticsYi Zeng"/>
    <script type="application/ld+json">{"@context": "http://schema.org","@type": "WebSite","name": "Straffrots","author":"Yi Zeng","description":"Visualized Strava best efforts (PBs) and races data for Yi Zeng.","url": "https://www.strafforts.com/athletes/9123806"}</script>

    

    <!-- HTML5 Shim and Respond.js IE8 support of HTML5 elements and media queries -->
    <!-- WARNING: Respond.js doesn't work if you view the page via file:// -->
    <!--[if lt IE 9]>
      <script src="/assets/html5shiv/dist/html5shiv.min.js"></script>
      <script src="/assets/respond.js/dest/respond.min.js"></script>
    <![endif]-->

    <link rel="stylesheet" media="all" href="/assets/application.css" />
    <link rel="stylesheet" media="all" href="/assets/athletes.css" />

    <link rel="dns-prefetch" href="//fonts.googleapis.com/">
  </head>

  <body class="hold-transition skin-black-light sidebar-mini page-loading" data-ga-tracking-id="">
  <div class="wrapper">

    <header class="main-header">
  <a class="logo" title="Strafforts" href="/">
    <!-- Logo -->
    <!-- mini logo for sidebar mini 50x50 pixels -->
    <span class="logo-mini">
      <b>S</b>FTS</span>
    <!-- logo for regular state and mobile devices -->
    <span class="logo-lg">
      <b>Stra</b>fforts</span>
  </a>

  <!-- Header Navbar: style can be found in header.less -->
  <nav class="navbar navbar-static-top">

    <!-- Sidebar toggle button-->
    <a class="sidebar-toggle hidden-lg-up" title="Toggle Navigation Sidebar" data-toggle="push-menu" href="#" role="button">
      <span class="sr-only">Toggle navigation</span>
    </a>

    <div class="navbar-custom-menu">
      <ul class="nav navbar-nav">
        <li class="dropdown user user-menu">
          <a class="dropdown-toggle" data-toggle="dropdown" href="#">
                <img alt="User Image" class="athlete-image user-image" src="https://dgalywyr863hv.cloudfront.net/pictures/athletes/9123806/2937558/10/large.jpg">
            <span class="hidden-xs athlete-name">Yi Zeng</span>
          </a>

          <ul class="dropdown-menu">
            <li class="user-header">
              <a class="athlete-link" href="https://www.strava.com/athletes/9123806" target="_blank">
                    <img alt="User Image" class="athlete-image img-circle" src="https://dgalywyr863hv.cloudfront.net/pictures/athletes/9123806/2937558/10/large.jpg">
              </a>
              <p>
                <span class="athlete-name">Yi Zeng</span>
              </p>
              <p>
                <small class="athlete-location">Christchurch, New Zealand</small>
              </p>
            </li>

            <!-- Menu Body -->
            <li class="user-body">
              <div class="row">
                <div class="col-xs-4 text-center">
                  Following<br/>
                  <a class="athlete-following" title="Following" href="https://www.strava.com/athletes/9123806/follows?type=following" target="_blank">
                    44
                  </a>
                </div>

                <div class="col-xs-4 text-center">
                  <a href="#"></a>
                </div>

                <div class="col-xs-4 text-center">
                  Follower<br/>
                  <a class="athlete-follower" title="Follower" href="https://www.strava.com/athletes/9123806/follows?type=followers" target="_blank">
                    49
                  </a>
                </div>
              </div>
            </li>
          </ul>
        </li>
        <li>
          <a class="social-sharing-toggle hidden-xs-down" href="#" data-toggle="modal" data-target="#modal-social-sharing" title="Share Your Profile">
            <i class="fa fa-share-alt"></i>
          </a>
        </li>
        <li>
          <a class="show-faq" href="?view=faq" title="Show FAQ">
            <i class="fa fa-question-circle"></i>
          </a>
        </li>
          <li>
            <a href="#" class="control-sidebar-toggle" data-toggle="control-sidebar" title="Show Settings">
              <i class="fa fa-gears"></i>
            </a>
          </li>
      </ul>
  </ul>
</div>
</nav>
</header>

<!-- Modal - Heart Rate Zones -->
<div class="modal" id="modal-social-sharing" tabindex="-1" role="dialog" aria-labelledby="modal-social-sharing-label">
  <div class="modal-dialog" role="document">
    <div class="modal-content">
      <div class="modal-header">
        <button type="button" class="close" data-dismiss="modal" aria-label="Close">
          <span aria-hidden="true">&times;</span>
        </button>
        <h4 class="modal-title" id="modal-social-sharing-label">
          Share Your Profile
        </h4>
      </div>
      <div class="modal-body">
          <p class="text-center"><strong>Remember to set your profile to public before sharing your profile.</strong></p>
        <div class='loading-icon-panel text-center'>
            <button type='button' class='btn btn-default btn-lrg' title='Loading Sharing Plugin...'>
                <i class='fa fa-spin fa-refresh'></i>
            </button>
        </div>
        <!-- Go to www.addthis.com/dashboard to customize your tools -->
        <div class="addthis_inline_share_toolbox text-center"></div>
      </div>
      <div class="modal-footer">
        <button type="button" class="btn btn-default text-center" data-dismiss="modal">Close</button>
      </div>
    </div>
  </div>
</div>

    <!-- Left side column. contains the logo and sidebar -->
<aside class="main-sidebar">
  <section class="sidebar">
    <!-- sidebar: style can be found in sidebar.less -->
    <div class="text-center user-panel">
      <!-- Sidebar user panel -->
      <div class="image">
        <span class="athlete-link">
          <img alt="User Image" class="athlete-image img-circle" src="https://dgalywyr863hv.cloudfront.net/pictures/athletes/9123806/2937558/10/large.jpg">
        </span>
      </div>

      <div class="info">
        <span id="athlete-id" class="hidden">9123806</span>
        <span class="athlete-name">Yi Zeng</span>
          <p><small class="athlete-location">Christchurch, New Zealand</small></p>
      </div>
    </div>

    <ul class="sidebar-menu" data-widget="tree">
      <li>
        <a class="show-overview treeview-header" href="?view=overview">
          <i class="fa fa-home"></i>
          <span>Overview</span>
        </a>
      </li>

      <li>
        <a class="show-races-timeline treeview-header" href="?view=timeline&type=races">
          <i class="fa fa-calendar"></i>
          <span>Races Timeline</span>
        </a>
      </li>

      <li class="active treeview">
        <a class="treeview-header disabled" href="#">
          <i class="fa fa-trophy"></i>
          <span>PBs by Distance</span>
        </a>

        <ul class="treeview-menu">
          <li id="treeview-menu-best-efforts-for-distance" class="treeview-expander treeview">
            <a href="#" class="show-other-distance">
              <i class="fa fa-circle-o"></i>Other Distances
              <span class="pull-right-container">
                <i class="fa fa-angle-left pull-right"></i>
              </span>
            </a>

            <ul class="treeview-menu"></ul>
          </li>
        </ul>
      </li>

      <li class="active treeview">
        <a class="treeview-header disabled" href="#">
          <i class="fa fa-pie-chart"></i>
          <span>Races by Distance</span>
        </a>

        <ul class="treeview-menu">

          <li id="treeview-menu-races-for-distance" class="treeview-expander treeview">
            <a href="#" class="show-other-distance">
              <i class="fa fa-circle-o"></i>Other Distances
              <span class="pull-right-container">
                <i class="fa fa-angle-left pull-right"></i>
              </span>
            </a>

            <ul class="treeview-menu"></ul>
          </li>
        </ul>
      </li>

      <li class="active treeview">
        <a class="treeview-header disabled" href="#">
          <i class="fa fa-line-chart"></i>
          <span>Races by Year</span>
        </a>

        <ul class="treeview-menu">
          <li id="treeview-menu-races-for-year" class="hidden"></li>
        </ul>
      </li>
    </ul>
  </section>
  <!-- /.sidebar -->
</aside>

    <!-- Content Wrapper. Contains page content -->
    <div class="content-wrapper">


      <div class="global-message bg-yellow hidden-md-up">
        <span>For better Strafforts user experience with more data displayed, please consider using devices with larger screens.</span>
      </div>

      <!-- Content Header (Page header) -->
      <section class="content-header">
        <h1>Overview</h1>
        <ol class="breadcrumb">
          <li>
            <a class="show-overview" href="#">
              <i class="fa fa-home"></i>
              Strafforts
            </a>
          </li>
          <li class="active">Overview</li>
        </ol>
      </section>

      <!-- Main content -->
      <section class="content" id="main-content">
      </section>
    </div><!-- /.content-wrapper -->

    <footer class="main-footer">
  <span class="hidden-xs">
    <small>
      Enjoyed Strafforts?
      <a class="custom-dbox-popup" href="https://donorbox.org/help-push-strafforts-forward?amount=25" 
        title="Donate to Strafforts">Help push us forward</a>!
    </small>
  </span>
  <span class="pull-right">
      <a class="bg-strava btn label" href="https://www.strava.com/athletes/9123806" target="_blank">Follow me on Strava</a>
      <a class="bg-strava btn label" href="mailto:support@strafforts.com" target="_blank">Contact Us</a>
          <small>v0.11.2</small>
  </span>
</footer>
<script> window.DonorBox = { widgetLinkClassName: 'custom-dbox-popup' } </script>


      <!-- Control Sidebar -->
<aside class="control-sidebar control-sidebar-light">
  <!-- Create the tabs -->
  <ul class="nav nav-tabs nav-justified control-sidebar-tabs">
    <li class="active">
      <a href="#control-sidebar-profile-tab" data-toggle="tab" title="Show Profile Tab">
        <i class="fa fa-gears"></i>
      </a>
    </li>
    <li>
      <a href="#control-sidebar-data-tab" data-toggle="tab" title="Show Data Tab">
        <i class="fa fa-bar-chart"></i>
      </a>
    </li>
    <li>
      <a href="#control-sidebar-diagnostics-tab" data-toggle="tab" title="Show Diagnostics Tab">
        <i class="fa fa-wrench"></i>
      </a>
    </li>
  </ul>

  <div class="tab-content">
    <!-- Profile tab content -->
    <div class="tab-pane active" id="control-sidebar-profile-tab">
      <form class="form-save-profile" action="/athletes/9123806/save_profile" accept-charset="UTF-8" method="post"><input name="utf8" type="hidden" value="&#x2713;" />
      <h3 class="control-sidebar-heading">Profile Settings</h3>
      <div class="form-group">
        <label class="control-sidebar-subheading">
          Measurement Unit:
          <span class="pull-right">meters</span>
        </label>
        <p>
          Synced from your Strava account.
        </p>
      </div>
      <div class="form-group">
        <label class="control-sidebar-subheading">
          Heart Rate Zones:
          <span class="pull-right underline show-hear-rate-zones" data-toggle="modal" data-target="#modal-heart-rate-zones" title="Show Heart Rate Zones">
            show details
          </span>
        </label>
        <p>
          Synced from your Strava account.
        </p>
      </div>
      <div class="form-group">
        <label class="control-sidebar-subheading checkbox inline" for="is_public">Public Profile:</label>
        <input type="checkbox" name="is_public" id="is_public" value="true" class="pull-right" checked="checked" />
        <p>
          Anyone with the link can see this page.
        </p>
        <p id="publicize-profile-warning" class="alert alert-warning hidden">
          <small>If your profile was previously shared to anyone, they can no longer access this page.</small>
        </p>
      </div>
      <button class="btn btn-block btn-default btn-flat submit-form" type="submit">
        <i class="fa fa-floppy-o"></i>
        Save
      </button>
</form>
      <div class="form-group">
        <h3 class="control-sidebar-heading">Sign Out</h3>
        <a href="/auth/logout" class="btn btn-block btn-default btn-flat sign-out">
          <i class="fa fa-sign-out"></i>
          Sign Out
        </a>
      </div>
    </div>

    <!-- Data tab content -->
    <div class="tab-pane" id="control-sidebar-data-tab">
      <form method="post">
        <h3 class="control-sidebar-heading">Data Settings</h3>
        <p>
          Slowly getting implemented...
        </p>
      </form>
    </div>

    <!-- Diagnostics tab content -->
    <div class="tab-pane" id="control-sidebar-diagnostics-tab">
      <h3 class="control-sidebar-heading">Diagnostics</h3>
      <div class="form-group">
        <label class="control-sidebar-subheading">
          Last activity retrieved:
          <i
            class="fa fa-question-circle"
            aria-hidden="true"
            data-toggle="tooltip"
            title="Last activity that contains achievements, not necessarily the latest activity returned from Strava API."></i>
        </label>
        <label></label>
        <span class="pull-right last-activity-na hidden">N/A</span>
        <a class="pull-right last-activity-retrieved " href="https://www.strava.com/activities/1074393172" target="_blank">
          1074393172
        </a>
        <div>
          <p>
            Worker process only fetches newer activities. Reset if you'd like update your older activities.
          </p>
          <form class="form-reset-last-activity-retrieved" action="/athletes/9123806/reset_last_activity_retrieved" accept-charset="UTF-8" method="post"><input name="utf8" type="hidden" value="&#x2713;" />
          <button type="submit" class="btn btn-block btn-danger btn-flat submit-form">Reset</button>
</form>        </div>
      </div>

      <div class="form-group">
        <label class="control-sidebar-subheading">Last updated at:</label>
        <label></label>
        <label class="pull-right">2017-07-12 11:51 UTC</label>
      </div>

      <div class="form-group">
        <h3 class="control-sidebar-heading">Delete Profile</h3>
        <p>Revoke access to Strava and delete all activities from our server.</p>
        <button type="button" class="btn btn-block btn-danger btn-flat" data-toggle="modal" data-target="#confirm-delete-profile">
          Delete All
        </button>
      </div>
    </div>
  </div>
</aside>

<!-- Add the sidebar's background. This div must be placed
       immediately after the control sidebar -->
<div class="control-sidebar-bg"></div>

<!-- Modal - Confirm Profile Deletion -->
<div class="modal modal-danger" id="confirm-delete-profile" tabindex="-1" role="dialog" aria-labelledby="confirm-delete-profile-label">
  <div class="modal-dialog" role="document">
    <div class="modal-content">
      <div class="modal-header">
        <button type="button" class="close" data-dismiss="modal" aria-label="Close">
          <span aria-hidden="true">&times;</span>
        </button>
        <h4 class="modal-title" id="confirm-delete-profile-label">Are you sure?</h4>
      </div>
      <div class="modal-body">
        By clicking 'Confirm' below, Strafforts will revoke access to your Strava account and delete all activities from our server.
      </div>
      <div class="modal-footer">
        <button type="button" class="btn btn-outline" data-dismiss="modal">Cancel</button>
        <a href="/auth/deauthorize" class="btn btn-outline">Confirm</a>
      </div>
    </div>
  </div>
</div>

<!-- Modal - Heart Rate Zones -->
<div class="modal" id="modal-heart-rate-zones" tabindex="-1" role="dialog" aria-labelledby="modal-heart-rate-zones-label">
  <div class="modal-dialog" role="document">
    <div class="modal-content">
      <div class="modal-header">
        <button type="button" class="close" data-dismiss="modal" aria-label="Close">
          <span aria-hidden="true">&times;</span>
        </button>
        <h4 class="modal-title" id="modal-heart-rate-zones-label">Heart Rate Zones</h4>
      </div>
      <div class="modal-body">
        <p>
          <strong>
            Strava creates heart rate zones by default.
            For Strava users on a premium plan, custom HR zones can be created at
            <a href="https://www.strava.com/settings/performance" target="_blank">Settings - My Performance</a>
            and will be synced here periodically.
          </strong>
        </p>
        <p>
          <strong>
            HR zones synced from your Strava account: (custom)
          </strong>
        </p>
        <table class="table table-striped">
          <tbody>
          <tr>
            <td>Zone #</td>
            <td>Minimum</td>
            <td>Maximum</td>
          </tr>
          <tr>
            <td>Zone 1</td>
            <td class="badge-cell"><span class="badge hr-zone-1">0</span></td>
            <td class="badge-cell"><span class="badge hr-zone-1">152</span></td>
          </tr>
          <tr>
            <td>Zone 2</td>
            <td class="badge-cell"><span class="badge hr-zone-2">153</span></td>
            <td class="badge-cell"><span class="badge hr-zone-2">162</span></td>
          </tr>
          <tr>
            <td>Zone 3</td>
            <td class="badge-cell"><span class="badge hr-zone-3">163</span></td>
            <td class="badge-cell"><span class="badge hr-zone-3">171</span></td>
          </tr>
          <tr>
            <td>Zone 4</td>
            <td class="badge-cell"><span class="badge hr-zone-4">172</span></td>
            <td class="badge-cell"><span class="badge hr-zone-4">183</span></td>
          </tr>
          <tr>
            <td>Zone 5</td>
            <td class="badge-cell"><span class="badge hr-zone-5">184</span></td>
            <td class="badge-cell"><span class="badge hr-zone-5">-1</span></td>
          </tr>
          </tbody>
        </table>
      </div>
      <div class="modal-footer">
        <button type="button" class="btn btn-default" data-dismiss="modal">Close</button>
      </div>
    </div>
  </div>
</div>


  </div><!-- ./wrapper -->

  <script src="/assets/application.js"></script>
  <script src="/assets/athletes.js"></script>

</body>

</html>
