<!DOCTYPE html>
<html lang="en">
  <head>
        <title>Strafforts | Yi Zeng | Overview</title>

    <meta charset="utf-8">

    <!-- Tell the browser to be responsive to screen width -->
    <meta content="width=device-width, initial-scale=1" name="viewport">

    <!-- SEO meta tags -->
    <meta name="author" content="Yi Zeng">
        <meta property="og:title" content="Strafforts | Yi Zeng | Overview" />
    <meta property="og:locale" content="en" />
    <meta name="description" content="Visualized Strava estimated best efforts and races data for Yi Zeng." />
    <meta property="og:description" content="Visualized Strava estimated best efforts and races data for Yi Zeng." />
    <meta property="og:url" content="http://www.strafforts.com" />
    <meta name="keywords" content="strava,strafforts,bestefforts,races,running,data,visualizer,analyticsYi Zeng"/>
    <script type="application/ld+json">{"@context": "http://schema.org","@type": "WebSite","name": "Straffrots","author":"Yi Zeng","description":"Visualized Strava estimated best efforts and races data for Yi Zeng.","url": "http://www.strafforts.com/athletes/9123806"}</script>

    

    <!-- HTML5 Shim and Respond.js IE8 support of HTML5 elements and media queries -->
    <!-- WARNING: Respond.js doesn't work if you view the page via file:// -->
    <!--[if lt IE 9]>
      <script src="/assets/html5shiv/dist/html5shiv.min.js"></script>
      <script src="/assets/respond.js/dest/respond.min.js"></script>
    <![endif]-->

    <link rel="stylesheet" media="all" href="/assets/application.css" />
    <link rel="stylesheet" media="all" href="/assets/athletes.css" />
  </head>

  <body class="hold-transition skin-black-light sidebar-mini page-loading" data-ga-tracking-id="">
  <div class="wrapper">

    <header class="main-header">
  <a class="logo" title="Strafforts" href="/">
    <!-- Logo -->
    <!-- mini logo for sidebar mini 50x50 pixels -->
    <span class="logo-mini">
      <b>S</b>FTS</span>
    <!-- logo for regular state and mobile devices -->
    <span class="logo-lg">
      <b>Stra</b>fforts</span>
  </a>

  <!-- Header Navbar: style can be found in header.less -->
  <nav class="navbar navbar-static-top">

    <!-- Sidebar toggle button-->
    <a class="sidebar-toggle" title="Toggle Navigation Sidebar" data-toggle="offcanvas" href="#" role="button">
      <span class="sr-only">Toggle navigation</span>
    </a>

    <div class="navbar-custom-menu">
      <ul class="nav navbar-nav">
        <li class="dropdown user user-menu">
          <a class="dropdown-toggle" data-toggle="dropdown" href="#">
                <img alt="User Image" class="athlete-image user-image" src="https://dgalywyr863hv.cloudfront.net/pictures/athletes/9123806/2937558/10/large.jpg">
            <span class="hidden-xs athlete-name">Yi Zeng</span>
          </a>

          <ul class="dropdown-menu">
            <li class="user-header">
              <a class="athlete-link" href="https://www.strava.com/athletes/9123806" target="_blank">
                    <img alt="User Image" class="athlete-image img-circle" src="https://dgalywyr863hv.cloudfront.net/pictures/athletes/9123806/2937558/10/large.jpg">
              </a>
              <p>
                <span class="athlete-name">Yi Zeng</span>
              </p>
              <p>
                <small class="athlete-location">Christchurch, New Zealand</small>
              </p>
            </li>

            <!-- Menu Body -->
            <li class="user-body">
              <div class="row">
                <div class="col-xs-4 text-center">
                  Following<br/>
                  <a class="athlete-following" title="Following" href="https://www.strava.com/athletes/9123806/follows?type=following" target="_blank">
                    44
                  </a>
                </div>

                <div class="col-xs-4 text-center">
                  <a href="#"></a>
                </div>

                <div class="col-xs-4 text-center">
                  Follower<br/>
                  <a class="athlete-follower" title="Follower" href="https://www.strava.com/athletes/9123806/follows?type=followers" target="_blank">
                    49
                  </a>
                </div>
              </div>
            </li>
          </ul>
        </li>
        <li>
          <a class="social-sharing-toggle" href="#" data-toggle="modal" data-target="#modal-social-sharing" title="Share This Profile">
            <i class="fa fa-share-alt"></i>
          </a>
        </li>
          <li>
            <a href="https://www.strava.com/oauth/authorize?client_id=&amp;response_type=code&amp;redirect_uri=http://www.example.com:80/auth/exchange_token&amp;approval_prompt=auto&amp;scope=view_private" class="btn-connect-with-strava" title="Connect With Strava">
              <img alt="Connect With Strava" src="/assets/btn_strava_connectwith_orange.png" />
            </a>
          </li> 
      </ul>
  </ul>
</div>
</nav>
</header>

<!-- Modal - Heart Rate Zones -->
<div class="modal" id="modal-social-sharing" tabindex="-1" role="dialog" aria-labelledby="modal-social-sharing-label">
  <div class="modal-dialog" role="document">
    <div class="modal-content">
      <div class="modal-header">
        <button type="button" class="close" data-dismiss="modal" aria-label="Close">
          <span aria-hidden="true">&times;</span>
        </button>
        <h4 class="modal-title" id="modal-social-sharing-label">
          Share This Profile
        </h4>
      </div>
      <div class="modal-body">
        <!-- Go to www.addthis.com/dashboard to customize your tools -->
        <div class="addthis_inline_share_toolbox text-center"></div>
        <script type="text/javascript" src="//s7.addthis.com/js/300/addthis_widget.js#pubid=ra-5945b04103f9ff79&domready=1"></script> 
      </div>
      <div class="modal-footer">
        <button type="button" class="btn btn-default text-center" data-dismiss="modal">Close</button>
      </div>
    </div>
  </div>
</div>
    <!-- Left side column. contains the logo and sidebar -->
<aside class="main-sidebar">
  <section class="sidebar">
    <!-- sidebar: style can be found in sidebar.less -->
    <div class="user-panel">
      <!-- Sidebar user panel -->
      <div class="pull-left image">
        <span class="athlete-link">
          <img alt="User Image" class="athlete-image img-circle" src="https://dgalywyr863hv.cloudfront.net/pictures/athletes/9123806/2937558/10/large.jpg">
        </span>
      </div>

      <div class="pull-left info">
        <span id="athlete-id" class="hidden">9123806</span>
        <span class="athlete-name">Yi Zeng</span>
        <p>
          <small class="athlete-location">Christchurch, New Zealand</small>
        </p>
      </div>
    </div>

    <ul class="sidebar-menu">
      <li>
        <a class="show-overview treeview-header" href="#">
          <i class="fa fa-home"></i>
          <span>Overview</span>
        </a>
      </li>

      <li>
        <a class="show-races-timeline treeview-header" href="#">
          <i class="fa fa-calendar"></i>
          <span>Races Timeline</span>
        </a>
      </li>

      <li class="active treeview">
        <a class="treeview-header disabled" href="#">
          <i class="fa fa-trophy"></i>
          <span>Estimated Best Efforts</span>
        </a>

        <ul class="treeview-menu">
          <li id="treeview-menu-best-efforts-for-distance" class="treeview-expander">
            <a href="#" class="show-other-distance">
              <i class="fa fa-circle-o"></i>Other Distances
              <span class="pull-right-container">
                <i class="fa fa-angle-left pull-right"></i>
              </span>
            </a>

            <ul class="treeview-menu"></ul>
          </li>
        </ul>
      </li>

      <li class="active treeview">
        <a class="treeview-header disabled" href="#">
          <i class="fa fa-pie-chart"></i>
          <span>Races by Distance</span>
        </a>

        <ul class="treeview-menu">

          <li id="treeview-menu-races-for-distance" class="treeview-expander">
            <a href="#" class="show-other-distance">
              <i class="fa fa-circle-o"></i>Other Distances
              <span class="pull-right-container">
                <i class="fa fa-angle-left pull-right"></i>
              </span>
            </a>

            <ul class="treeview-menu"></ul>
          </li>
        </ul>
      </li>

      <li class="active treeview">
        <a class="treeview-header disabled" href="#">
          <i class="fa fa-line-chart"></i>
          <span>Races by Year</span>
        </a>

        <ul class="treeview-menu">
          <li id="treeview-menu-races-for-year" class="hidden"></li>
        </ul>
      </li>
    </ul>
  </section>
  <!-- /.sidebar -->
</aside>

    <!-- Content Wrapper. Contains page content -->
    <div class="content-wrapper">


      <div class="global-message bg-yellow hidden-md-up">
        <span>For better Strafforts user experience with more data displayed, please consider using devices with larger screens.</span>
      </div>

      <!-- Content Header (Page header) -->
      <section class="content-header">
        <h1>Overview</h1>
        <ol class="breadcrumb">
          <li>
            <a class="show-overview" href="#">
              <i class="fa fa-home"></i>
              Strafforts
            </a>
          </li>
          <li class="active">Overview</li>
        </ol>
      </section>

      <!-- Main content -->
      <section class="content" id="main-content">
      </section>
    </div><!-- /.content-wrapper -->

    <footer class="main-footer">
  <span class="hidden-xs">
    Created by <a href="http://yizeng.me" target="_blank">Yi Zeng</a> and GitHub'ed at
    <a href="https://github.com/yizeng/strafforts" target="_blank">yizeng/strafforts</a>.
  </span>
  <span class="pull-right">
      <a class="bg-strava btn label" href="https://www.strava.com/athletes/9123806" target="_blank">Follow me on Strava</a>
      <a class="bg-strava btn label" href="http://yizeng.me/#contact" target="_blank">Contact Me</a>
          <small>v.0.9.2</small>
  </span>
</footer>



  </div><!-- ./wrapper -->

  <script src="/assets/application.js"></script>
  <script src="/assets/athletes.js"></script>

</body>

</html>
