{"best_efforts":[{"name":"Marathon","count":0,"is_major":true},{"name":"Half Marathon","count":4,"is_major":true},{"name":"10k","count":7,"is_major":true},{"name":"5k","count":13,"is_major":true},{"name":"50k","count":0,"is_major":false},{"name":"30k","count":0,"is_major":false},{"name":"20k","count":4,"is_major":false},{"name":"10 mile","count":5,"is_major":false},{"name":"15k","count":6,"is_major":false},{"name":"2 mile","count":16,"is_major":false},{"name":"1 mile","count":19,"is_major":false},{"name":"1k","count":21,"is_major":false},{"name":"1/2 mile","count":21,"is_major":false},{"name":"400m","count":19,"is_major":false}],"races_by_distance":[{"name":"Marathon","count":0,"is_major":true},{"name":"Half Marathon","count":7,"is_major":true},{"name":"10k","count":7,"is_major":true},{"name":"5k","count":24,"is_major":true},{"name":"100 miles","count":0,"is_major":false},{"name":"100k","count":0,"is_major":false},{"name":"50 miles","count":0,"is_major":false},{"name":"50k","count":0,"is_major":false},{"name":"20k","count":0,"is_major":false},{"name":"15k","count":2,"is_major":false},{"name":"3000m","count":1,"is_major":false},{"name":"1 mile","count":0,"is_major":false},{"name":"Other Distances","count":4,"is_major":false}],"races_by_year":[{"name":"2017","count":7,"is_major":true},{"name":"2016","count":17,"is_major":true},{"name":"2015","count":20,"is_major":true},{"name":"2014","count":1,"is_major":true}]}