{"Half Marathon":[{"is_imperial_unit":false,"race_distance":"Half Marathon","elapsed_time":5874,"distance":21.2821,"distance_unit":"km","activity_id":1019790623,"activity_name":"Christchurch Marathon 2017","start_date":"2017-06-04","workout_type_name":"race","elapsed_time_formatted":"01:37:54","pace":"4:36","pace_unit":"/km","elevation":217,"elevation_unit":"m","cadence":177,"suffer_score":126,"gear_name":"ASICS DS  Racer 10","average_heartrate":146,"average_hr_zone":"1","max_heartrate":184,"max_hr_zone":"5"},{"is_imperial_unit":false,"race_distance":"Half Marathon","elapsed_time":5932,"distance":21.1513,"distance_unit":"km","activity_id":861862237,"activity_name":"Buller Gorge Marathon 2017","start_date":"2017-02-11","workout_type_name":"race","elapsed_time_formatted":"01:38:52","pace":"4:40","pace_unit":"/km","elevation":109,"elevation_unit":"m","cadence":179,"suffer_score":394,"gear_name":"ASICS Noosa Tri 10 (Orange)","average_heartrate":170,"average_hr_zone":"3","max_heartrate":186,"max_hr_zone":"5"},{"is_imperial_unit":false,"race_distance":"Half Marathon","elapsed_time":6298,"distance":21.2393,"distance_unit":"km","activity_id":746513888,"activity_name":"Amsterdam Marathon 2016","start_date":"2016-10-16","workout_type_name":"race","elapsed_time_formatted":"01:44:58","pace":"4:57","pace_unit":"/km","elevation":14,"elevation_unit":"m","cadence":176,"suffer_score":269,"gear_name":"ASICS Noosa Tri 10 (Aqua Mint)","average_heartrate":167,"average_hr_zone":"3","max_heartrate":191,"max_hr_zone":"5"},{"is_imperial_unit":false,"race_distance":"Half Marathon","elapsed_time":6487,"distance":21.2359,"distance_unit":"km","activity_id":731800152,"activity_name":"Lisbon Rock N' Roll Half Marathon 2016","start_date":"2016-10-02","workout_type_name":"race","elapsed_time_formatted":"01:48:07","pace":"5:05","pace_unit":"/km","elevation":126,"elevation_unit":"m","cadence":175,"suffer_score":371,"gear_name":"ASICS Noosa Tri 10 (Aqua Mint)","average_heartrate":172,"average_hr_zone":"4","max_heartrate":188,"max_hr_zone":"5"},{"is_imperial_unit":false,"race_distance":"Half Marathon","elapsed_time":5645,"distance":21.1388,"distance_unit":"km","activity_id":690235515,"activity_name":"Southern Lakes Half Marathon 2016","start_date":"2016-04-02","workout_type_name":"race","elapsed_time_formatted":"01:34:05","pace":"4:27","pace_unit":"/km","elevation":16,"elevation_unit":"m","cadence":179,"suffer_score":271,"gear_name":"ASICS DS Trainer 19 (Blue)","average_heartrate":169,"average_hr_zone":"3","max_heartrate":180,"max_hr_zone":"4"}],"10k":[{"is_imperial_unit":false,"race_distance":"10k","elapsed_time":2724,"distance":9.8385,"distance_unit":"km","activity_id":716148966,"activity_name":"EHM 10K Road Race 2016","start_date":"2016-09-18","workout_type_name":"race","elapsed_time_formatted":"00:45:24","pace":"4:37","pace_unit":"/km","elevation":12,"elevation_unit":"m","cadence":176,"suffer_score":191,"gear_name":"ASICS Noosa Tri 10 (Aqua Mint)","average_heartrate":179,"average_hr_zone":"4","max_heartrate":192,"max_hr_zone":"5"},{"is_imperial_unit":false,"race_distance":"10k","elapsed_time":2709,"distance":9.9129,"distance_unit":"km","activity_id":690215227,"activity_name":"Sri Chinmoy 10km North Hagley Park","start_date":"2016-01-24","workout_type_name":"race","elapsed_time_formatted":"00:45:09","pace":"4:33","pace_unit":"/km","elevation":68,"elevation_unit":"m","cadence":180,"suffer_score":179,"gear_name":"ASICS DS Racer 9","average_heartrate":171,"average_hr_zone":"3","max_heartrate":176,"max_hr_zone":"4"},{"is_imperial_unit":false,"race_distance":"10k","elapsed_time":2699,"distance":10.0108,"distance_unit":"km","activity_id":690213152,"activity_name":"Sri Chinmoy 10km Christmas Dash 2015","start_date":"2015-12-13","workout_type_name":"race","elapsed_time_formatted":"00:44:59","pace":"4:30","pace_unit":"/km","elevation":44,"elevation_unit":"m","cadence":177,"suffer_score":184,"gear_name":"ASICS DS Racer 9","average_heartrate":173,"average_hr_zone":"4","max_heartrate":180,"max_hr_zone":"4"},{"is_imperial_unit":false,"race_distance":"10k","elapsed_time":2736,"distance":9.944600000000001,"distance_unit":"km","activity_id":690210668,"activity_name":"RaceTeam Week #6 - 10km Race","start_date":"2015-10-24","workout_type_name":"race","elapsed_time_formatted":"00:45:36","pace":"4:35","pace_unit":"/km","elevation":0,"elevation_unit":"m","cadence":176,"suffer_score":103,"gear_name":"ASICS DS Trainer 19 (Blue)","average_heartrate":166,"average_hr_zone":"3","max_heartrate":173,"max_hr_zone":"4"},{"is_imperial_unit":false,"race_distance":"10k","elapsed_time":2736,"distance":10.0453,"distance_unit":"km","activity_id":690208078,"activity_name":"North Shore Marathon 2015","start_date":"2015-09-06","workout_type_name":"race","elapsed_time_formatted":"00:45:36","pace":"4:32","pace_unit":"/km","elevation":63,"elevation_unit":"m","cadence":180,"suffer_score":160,"gear_name":"ASICS DS Racer 9","average_heartrate":170,"average_hr_zone":"3","max_heartrate":179,"max_hr_zone":"4"}],"5k":[{"is_imperial_unit":false,"race_distance":"5k","elapsed_time":1286,"distance":4.9153,"distance_unit":"km","activity_id":922387515,"activity_name":"Hagley Parkrun #132","start_date":"2017-04-01","workout_type_name":"race","elapsed_time_formatted":"00:21:26","pace":"4:22","pace_unit":"/km","elevation":33,"elevation_unit":"m","cadence":181,"suffer_score":92,"gear_name":"ASICS DS Racer 9","average_heartrate":174,"average_hr_zone":"4","max_heartrate":185,"max_hr_zone":"5"},{"is_imperial_unit":false,"race_distance":"5k","elapsed_time":1293,"distance":4.901,"distance_unit":"km","activity_id":842318610,"activity_name":"Shoe Clinic ASICS 5K Series 2017 Race #3","start_date":"2017-01-24","workout_type_name":"race","elapsed_time_formatted":"00:21:33","pace":"4:24","pace_unit":"/km","elevation":23,"elevation_unit":"m","cadence":180,"suffer_score":84,"gear_name":"ASICS DS Trainer 19 (Blue)","average_heartrate":172,"average_hr_zone":"4","max_heartrate":184,"max_hr_zone":"5"},{"is_imperial_unit":false,"race_distance":"5k","elapsed_time":1306,"distance":4.9372,"distance_unit":"km","activity_id":690232764,"activity_name":"Hagley Parkrun #99","start_date":"2016-08-20","workout_type_name":"race","elapsed_time_formatted":"00:21:46","pace":"4:25","pace_unit":"/km","elevation":47,"elevation_unit":"m","cadence":182,"suffer_score":78,"gear_name":"ASICS Noosa Tri 10 (Orange)","average_heartrate":170,"average_hr_zone":"3","max_heartrate":185,"max_hr_zone":"5"},{"is_imperial_unit":false,"race_distance":"5k","elapsed_time":1264,"distance":5.008100000000001,"distance_unit":"km","activity_id":690216722,"activity_name":"Sri Chinmoy Sumner 2016 Race #1","start_date":"2016-02-28","workout_type_name":"race","elapsed_time_formatted":"00:21:04","pace":"4:12","pace_unit":"/km","elevation":65,"elevation_unit":"m","cadence":183,"suffer_score":84,"gear_name":"ASICS DS Racer 9","average_heartrate":176,"average_hr_zone":"4","max_heartrate":185,"max_hr_zone":"5"},{"is_imperial_unit":false,"race_distance":"5k","elapsed_time":1270,"distance":4.9301,"distance_unit":"km","activity_id":690216325,"activity_name":"Hagley parkrun #73","start_date":"2016-02-20","workout_type_name":"race","elapsed_time_formatted":"00:21:10","pace":"4:18","pace_unit":"/km","elevation":44,"elevation_unit":"m","cadence":183,"suffer_score":80,"gear_name":"ASICS Noosa Tri 10 (Orange)","average_heartrate":174,"average_hr_zone":"4","max_heartrate":188,"max_hr_zone":"5"}]}