<!DOCTYPE html>
<html lang="en">
  <head>
    <title>Strafforts - An Analytics App for Your Strava Running Best Efforts, PBs/PRs and Races</title>

    <meta charset="utf-8">

    <!-- Google Tag Manager -->
<script>(function(w,d,s,l,i){w[l]=w[l]||[];w[l].push({'gtm.start':
new Date().getTime(),event:'gtm.js'});var f=d.getElementsByTagName(s)[0],
j=d.createElement(s),dl=l!='dataLayer'?'&l='+l:'';j.async=true;j.src=
'https://www.googletagmanager.com/gtm.js?id='+i+dl;f.parentNode.insertBefore(j,f);
})(window,document,'script','dataLayer','');</script>
<!-- End Google Tag Manager -->


    <!-- Tell the browser to be responsive to screen width -->
    <meta content="width=device-width, initial-scale=1" name="viewport">

    <!-- SEO meta tags -->
    <meta name="author" content="Yi Zeng">
    <meta property="og:title" content="Strafforts - An Analytics App for Your Strava Running Best Efforts, PBs/PRs and Races" />
    <meta property="og:locale" content="en" />
    <meta name="description" content="An analytics app that allow athletes to analyze their visualized Strava running best efforts, personal bests and races data in tables and charts." />
    <meta property="og:description" content="An analytics app that allow athletes to analyze their visualized Strava running best efforts, personal bests and races data in tables and charts." />
    <meta property="og:url" content="https://www.strafforts.com" />
    <meta name="keywords" content="strava,strafforts,bestefforts,pb,races,running,data,visualizer,analytics"/>
    <script type="application/ld+json">{"@context": "http://schema.org","@type": "WebSite","name": "Straffrots","author":"Yi Zeng","description":"An analytics app that allow athletes to analyze their visualized Strava running best efforts, personal bests and races data in tables and charts.","url": "https://www.strafforts.com"}</script>

    

    <link href="https://use.fontawesome.com/releases/v5.0.10/css/all.css" rel="stylesheet">
    <link rel="stylesheet" media="all" href="/packs-test/home.css" />
  </head>
  <body>
    <noscript>
  You need to enable JavaScript to run this app.
</noscript>
<div id="root"></div>
<script src="/packs-test/home.bundle.js"></script>

  </body>
</html>
