[{"category":"account","title":"Does Strafforts need/store my Strava password?","content":"\n\u003cp\u003eNo, Strafforts connects to your Strava account via\nStrava's \u003ca href='https://strava.github.io/api/v3/oauth/' target='_blank'\u003eauthentication API\u003c/a\u003e.\u003c/p\u003e\n\u003cp\u003eAll you need to do is to login to your Strava account then connect Strafforts with Strava.\u003c/p\u003e"},{"category":"account","title":"Is it possible to remove all my data on Strafforts?","content":"\n\u003cp\u003eYes, abusolutely. First make sure you have connected and logged into Strafforts,\nthen go to your 'Settings' sidebar by clicking \u003ccode\u003e\u003ci class='fa fa-gears'\u003e\u003c/i\u003e\u003c/code\u003e at top right corner of the app,\nand choosing \u003ccode\u003e\u003ci class='fa fa-wrench'\u003e\u003c/i\u003e\u003c/code\u003e tab,\nthen click 'Delete' button to remove yourself from Strafforts server.\u003c/p\u003e\n\u003cp\u003eIf you've changed your mind,\nyou can re-connect to give Strafforts permission to retrieve your Strava data again.\nHowever, since all data has been deleted on our server, it might take a while to retrieve everything again.\u003c/p\u003e"},{"category":"support","title":"How to contact Strava support?","content":"\nYou can submit a request at Strava's support site\n\u003ca href='https://support.strava.com/hc/en-us/requests/new' target='_blank'\u003ehere\u003c/a\u003e."},{"category":"support","title":"How to contact Strafforts support?","content":"\n\u003cp\u003ePlease email us at \u003ca href='mailto:support@strafforts.com'\u003esupport@strafforts.com\u003c/a\u003e with your enquiries.\u003c/p\u003e\n\u003cp\u003eAlternatively, if you have a GitHub account,\nyou can also raise an issue \u003ca href='https://github.com/yizeng/strafforts/issues' target='_blank'\u003ehere\u003c/a\u003e.\n\u003c/p\u003e"},{"category":"personal-bests","title":"Why can't I find some of my personal bests?","content":"\n\u003cp\u003ePersonal bests on Strafforts are just those gold best estimated efforts trophies on Strava running activities.\u003c/p\u003e\n\u003cp\u003eFirst please check if the best effort you are looking for do exist on the corresponding Strava activity.\nIf it does exist on Strava, but not Strafforts, please contact me\n(See 'How to contact Strafforts support?' section).\u003c/p\u003e\n\u003cp\u003eIf it doesn't exist on Strava either, please submit a request at Strava's support site\n\u003ca href='https://support.strava.com/hc/en-us/requests/new' target='_blank'\u003ehere\u003c/a\u003e.\u003c/p\u003e\n\u003cp\u003e\u003cb\u003eNote:\u003c/b\u003e Strava's best effort only starts counting from the 2nd best effort of such distance.\nSee \u003ca href='https://support.strava.com/hc/en-us/articles/216917137-Achievement-Awards-Glossary'\u003e\nAchievement Awards Glossary\u003c/a\u003e for more details.\u003c/p\u003e"},{"category":"personal-bests","title":"Why there are some outliers in my PB progression chart?","content":"\n\u003cp\u003eAll PBs/PRs here in Strafforts are just those\ngold best estimated efforts trophies on Strava running activities.\u003c/p\u003e\n\u003cp\u003eSometimes PBs/PRs on Strava can be generated unpredictably and unreliably.\u003c/p\u003e\n\u003cp\u003eIf you notice some messed up PBs/PRs within Strafforts,\nyou can try go to those activities on Strava and try\n'\u003ca href='https://support.strava.com/hc/en-us/articles/216919597-The-Refresh-My-Achievements-Tool-'\ntarget='_blank'\u003eRefresh Activity Achievements\u003c/a\u003e',\nor '\u003ca href='https://support.strava.com/hc/en-us/requests/new' target='_blank'\u003eSubmit a request\u003c/a\u003e'\non Strava support site regarding your wrong Strava best efforts data.\u003c/p\u003e\n\u003cp\u003eThen reset your last retrieved activity here in your setting\nto trigger a complete re-fetch of your activities.\u003c/p\u003e\n"},{"category":"personal-bests","title":"Why my activity is shown under another distance?","content":"\n\u003cp\u003eStrafforts' personal bests are just visual representations of those Strava gold best estimated efforts trophies.\u003c/p\u003e\n\u003cp\u003eIf you made a best 20k effort within a full marathon activity,\nthere will be a gold 20k trophy on this activity on Strava,\ntherefore Strafforts will pick it up and display it as well.\u003c/p\u003e\n\u003cp\u003eThis means one activity may have multiple personal bests over different distances,\ntherefore this activity may be shown under different distances in Strafforts.\u003c/p\u003e"},{"category":"personal-bests","title":"How to recalculate all best estimated efforts on Strava?","content":"\n\u003cp\u003eThe quick answer is - no, you can't.\u003c/p\u003e\n\u003cp\u003eSometimes an activity was uploaded as wrong activity type,\nwhich was so fast that created few 1st best efforts trophies.\nThen the athlete realized it and changed the activity to something else.\nBut those 1st best efforts trophies would remain there.\nAll subsequent best efforts can only be '2nd best efforts'.\u003c/p\u003e\n\u003cp\u003eIn order to solve this problem, Strava provides\n'\u003ca href='https://support.strava.com/hc/en-us/articles/216919597-The-Refresh-My-Achievements-Tool-'\ntarget='_blank'\u003eRefresh Activity Achievements\u003c/a\u003e' tool in the UI,\nwhich allows users to recalculate the best efforts.\u003c/p\u003e\n\u003cp\u003eHowever, the way it was designed is to recalculate best efforts for only this particular activity based on\nall activities at the time when this action was taken.\nIt won't recalculate all best efforts on all activities in a timely fashion.\nThis means if the athlete realized the situation too late,\nthat there have 2nd best efforts, 3rd best efforts in other activities uploaded after this activity,\nrefreshing the achievements will result in nothing.\nBecause at the refreshing process, Strava will treat the later activities as 1st, 2nd and so on.\nBut since you are not refreshing those activities, best efforts on those activities won't be updated.\u003c/p\u003e\n\u003cp\u003eSay for example,\u003c/p\u003e\n\u003cul\u003e\n\u003cli\u003eActivity ID 11111: 5k 10 minutes, 1st best efforts for 5k\u003c/li\u003e\n\u003cli\u003eActivity ID 22222: 5k 25 minutes, 2nd best efforts for 5k\u003c/li\u003e\n\u003cli\u003eActivity ID 33333: 5k 21 minutes, 2nd best efforts for 5k\u003c/li\u003e\n\u003cli\u003eActivity ID 44444: 5k 23 minutes, 3rd best efforts for 5k\u003c/li\u003e\n\u003c/ul\u003e\n\u003cp\u003eThen activity 11111 was refreshed due to wrong activity type,\nso there will be no more '1st best efforts' for 5k on this activity.\nAll other activities will remain the same too, which means there is no more '1st best efforts' on any activities.\nIf you refresh the achievements of 22222 now, it will become '3rd best efforts for 5k'.\nBecause Strava recalculates achievements based on all existing activities as of the time refreshing is done,\n25 minutes is only the '3rd best efforts for 5k' now. So the athlete would never get '1st best efforts' back.\u003c/p\u003e\n"},{"category":"races","title":"What are \"Races\" and how to create them?","content":"\n\u003cp\u003eStrava offers four different sub-categories within the Running activity type to allow\nfor more detailed and focused analysis of your training.\nThose four tags are Run, Race, Long Run, and Workout.\u003c/p\u003e\n\u003cp\u003eActivties that are tagged as \u003ccode\u003eRace\u003c/code\u003e will be fetched and analyzed by Strafforts,\nthen displayed within distance or year view, as well as timeline view.\u003c/p\u003e\n\u003cp\u003e\u003cimg src='/screenshots/doc-tag-run-as-race.png' style='width:85%;'\u003e\u003c/p\u003e\n\u003cp\u003eFor more details,\nsee \u003ca href='https://support.strava.com/hc/en-us/articles/216919557-Using-Strava-Run-Type-Tags-to-analyze-your-Runs'\ntarget='_blank'\u003eWhat are Strava races and how to create them?\u003c/a\u003e on Strava support forum.\u003c/p\u003e"},{"category":"races","title":"How race distances are determined?","content":"\n\u003cp\u003eRace distance is determined by the actual distance of a Strava activity.\nIf it's within 2.5% under or 5% over margin of a pre-defined distance (10k for example),\nStrafforts will treat it as a 10k race.\u003c/p\u003e\n\u003cp\u003eIf the actual distance of your 10k race is 9.7km or 10.5km,\nthen Strafforts will put this activity under distance of 'Other Distances'.\u003c/p\u003e"},{"category":"races","title":"Why my race is categorized as \"Other Distances\"?","content":"\n\u003cp\u003eSame as above. Race distance is determined by the actual distance of a Strava activity.\nIf it's within 2.5% under or 5% over margin of a pre-defined distance (10k for example),\nStrafforts will treat it as a 10k race.\u003c/p\u003e\n\u003cp\u003eIf the actual distance of your 10k race is 9.7km or 10.5km,\nthen Strafforts will put this activity under distance of 'Other Distances'.\n\u003c/p\u003e"},{"category":"miscellaneous","title":"What technologies are used in Strafforts?","content":"\n\u003cp\u003eSee \u003ca href='https://github.com/yizeng/strafforts/blob/master/docs/acknowledgements.md'\ntarget='_blank'\u003eAcknowledgements page\u003c/a\u003e for a comprehensive list.\u003c/p\u003e"},{"category":"miscellaneous","title":"How to contribute to Strafforts?","content":"\n\u003cp\u003eStrafforts is an open source project hosted on\n\u003ca href='https://github.com/yizeng/strafforts/' target='_blank'\u003eGitHub\u003c/a\u003e.\u003c/p\u003e\n\u003cp\u003eYou can \u003ca href='https://github.com/yizeng/strafforts/issues' target='_blank'\u003eraise issues\u003c/a\u003e,\n\u003ca href='https://github.com/yizeng/strafforts/pulls' target='_blank'\u003eprovide PRs\u003c/a\u003e or even simply\n\u003ca href='https://donorbox.org/help-push-strafforts-forward?amount=25' target='_blank'\u003edonate\u003c/a\u003e.\u003c/p\u003e"},{"category":"miscellaneous","title":"Where was the homepage background photo taken?","content":"\n\u003cp\u003eThe photo was taken in Listbon, Portugal, and the bridge in the background is the\n\u003ca href='https://en.wikipedia.org/wiki/25_de_Abril_Bridge' target='_blank'\u003e25 de Abril Bridge\u003c/a\u003e.\u003c/p\u003e\n\u003cp\u003eIt was the period I started this project while travelling in Europe,\nwhere I did Lisbon Rock'n'Roll half marathon and had one of my most memorable holidays in my life.\u003c/p\u003e"}]