<!DOCTYPE html>
<html>
  <head>
    <meta http-equiv="Content-Type" content="text/html; charset=utf-8" />
    <style>
      /* Email styles need to be inline */
    </style>
  </head>

  <body>
    <!DOCTYPE html>
<html xmlns="http://www.w3.org/1999/xhtml" xmlns:v="urn:schemas-microsoft-com:vml" xmlns:o="urn:schemas-microsoft-com:office:office">

<head>
    <title></title>
    <!--[if !mso]><!-- -->
    <meta http-equiv="X-UA-Compatible" content="IE=edge">
    <!--<![endif]-->
    <meta http-equiv="Content-Type" content="text/html; charset=UTF-8">
    <meta name="viewport" content="width=device-width, initial-scale=1.0">
    <style type="text/css">
        #outlook a {
            padding: 0;
        }

        .ReadMsgBody {
            width: 100%;
        }

        .ExternalClass {
            width: 100%;
        }

        .ExternalClass * {
            line-height: 100%;
        }

        body {
            margin: 0;
            padding: 0;
            -webkit-text-size-adjust: 100%;
            -ms-text-size-adjust: 100%;
        }

        table,
        td {
            border-collapse: collapse;
            mso-table-lspace: 0pt;
            mso-table-rspace: 0pt;
        }

        img {
            border: 0;
            height: auto;
            line-height: 100%;
            outline: none;
            text-decoration: none;
            -ms-interpolation-mode: bicubic;
        }

        p {
            display: block;
            margin: 13px 0;
        }
    </style>
    <!--[if !mso]><!-->
    <style type="text/css">
        @media only screen and (max-width:480px) {
            @-ms-viewport {
                width: 320px;
            }
            @viewport {
                width: 320px;
            }
        }
    </style>
    <!--<![endif]-->
    <!--[if mso]><xml>  <o:OfficeDocumentSettings>    <o:AllowPNG/>    <o:PixelsPerInch>96</o:PixelsPerInch>  </o:OfficeDocumentSettings></xml><![endif]-->
    <!--[if lte mso 11]><style type="text/css">  .outlook-group-fix {    width:100% !important;  }</style><![endif]-->
    <!--[if !mso]><!-->
    <link href="https://fonts.googleapis.com/css?family=Merriweather" rel="stylesheet" type="text/css">
    <style type="text/css">
        @import url(https://fonts.googleapis.com/css?family=Merriweather);
    </style>
    <!--<![endif]-->
    <style type="text/css">
        @media only screen and (min-width:480px) {
            .mj-column-per-100 {
                width: 100%!important;
            }
        }
    </style>
</head>

<body style="background: #FFFFFF;">
    <div class="mj-container" style="background-color:#FFFFFF;">
        <!--[if mso | IE]>      <table role="presentation" border="0" cellpadding="0" cellspacing="0" width="600" align="center" style="width:600px;">        <tr>          <td style="line-height:0px;font-size:0px;mso-line-height-rule:exactly;">      <![endif]-->
        <div style="margin:0px auto;max-width:600px;">
            <table role="presentation" cellpadding="0" cellspacing="0" style="font-size:0px;width:100%;" align="center" border="0">
                <tbody>
                    <tr>
                        <td style="text-align:center;vertical-align:top;direction:ltr;font-size:0px;padding:9px 0px 9px 0px;">
                            <!--[if mso | IE]>      <table role="presentation" border="0" cellpadding="0" cellspacing="0">        <tr>          <td style="vertical-align:top;width:600px;">      <![endif]-->
                            <div class="mj-column-per-100 outlook-group-fix" style="vertical-align:top;display:inline-block;direction:ltr;font-size:13px;text-align:left;width:100%;">
                                <table role="presentation" cellpadding="0" cellspacing="0" width="100%" border="0">
                                    <tbody>
                                        <tr>
                                            <td style="word-wrap:break-word;font-size:0px;padding:9px 9px 9px 9px;" align="center">
                                                <table role="presentation" cellpadding="0" cellspacing="0" style="border-collapse:collapse;border-spacing:0px;"
                                                    align="center" border="0">
                                                    <tbody>
                                                        <tr>
                                                            <td style="width:120px;">
                                                                <a href="https://www.strafforts.com" target="_blank">
                                                                    <img alt="Strafforts Logo" title="" height="auto" src="https://www.strafforts.com/full-logo.png"
                                                                        style="border:none;border-radius:0px;display:block;font-size:13px;outline:none;text-decoration:none;width:100%;height:auto;"
                                                                        width="120">
                                                                </a>
                                                            </td>
                                                        </tr>
                                                    </tbody>
                                                </table>
                                            </td>
                                        </tr>
                                    </tbody>
                                </table>
                            </div>
                            <!--[if mso | IE]>      </td></tr></table>      <![endif]-->
                        </td>
                    </tr>
                </tbody>
            </table>
        </div>
        <!--[if mso | IE]>      </td></tr></table>      <![endif]-->
        <!--[if mso | IE]>      <table role="presentation" border="0" cellpadding="0" cellspacing="0" width="600" align="center" style="width:600px;">        <tr>          <td style="line-height:0px;font-size:0px;mso-line-height-rule:exactly;">      <![endif]-->
        <div style="margin:0px auto;max-width:600px;background:#ffffff;">
            <table role="presentation" cellpadding="0" cellspacing="0" style="font-size:0px;width:100%;background:#ffffff;" align="center"
                border="0">
                <tbody>
                    <tr>
                        <td style="text-align:center;vertical-align:top;direction:ltr;font-size:0px;padding:0px 0px 0px 0px;">
                            <!--[if mso | IE]>      <table role="presentation" border="0" cellpadding="0" cellspacing="0">        <tr>          <td style="vertical-align:middle;width:600px;">      <![endif]-->
                            <div class="mj-column-per-100 outlook-group-fix" style="vertical-align:middle;display:inline-block;direction:ltr;font-size:13px;text-align:left;width:100%;">
                                <table role="presentation" cellpadding="0" cellspacing="0" style="vertical-align:middle;" width="100%"
                                    border="0">
                                    <tbody>
                                        <tr>
                                            <td style="word-wrap:break-word;font-size:0px;padding:0px 20px 0px 20px;" align="center">
                                                <div style="cursor:auto;color:#000000;font-family:Merriweather, Georgia, serif;font-size:10px;line-height:22px;text-align:center;">
                                                    <h1 style="font-family: &apos;Merriweather&apos;, Georgia, serif; font-size: 32px; color: #4E4E4E; line-height: 100%;">
                                                        <em>Welcome to Strafforts!</em>
                                                    </h1>
                                                    <p>
                                                        <span style="font-size:16px;">An Analytics App for Strava Best Efforts (PBs) and Races</span>
                                                    </p>
                                                </div>
                                            </td>
                                        </tr>
                                    </tbody>
                                </table>
                            </div>
                            <!--[if mso | IE]>      </td></tr></table>      <![endif]-->
                        </td>
                    </tr>
                </tbody>
            </table>
        </div>
        <!--[if mso | IE]>      </td></tr></table>      <![endif]-->
        <!--[if mso | IE]>      <table role="presentation" border="0" cellpadding="0" cellspacing="0" width="600" align="center" style="width:600px;">        <tr>          <td style="line-height:0px;font-size:0px;mso-line-height-rule:exactly;">      <![endif]-->
        <table role="presentation" cellpadding="0" cellspacing="0" style="font-size:0px;width:100%;" border="0">
            <tbody>
                <tr>
                    <td>
                        <div style="margin:0px auto;max-width:600px;">
                            <table role="presentation" cellpadding="0" cellspacing="0" style="font-size:0px;width:100%;" align="center"
                                border="0">
                                <tbody>
                                    <tr>
                                        <td style="text-align:center;vertical-align:top;direction:ltr;font-size:0px;padding:9px 0px 9px 0px;">
                                            <!--[if mso | IE]>      <table role="presentation" border="0" cellpadding="0" cellspacing="0">        <tr>          <td style="vertical-align:top;width:600px;">      <![endif]-->
                                            <div class="mj-column-per-100 outlook-group-fix" style="vertical-align:top;display:inline-block;direction:ltr;font-size:13px;text-align:left;width:100%;">
                                                <table role="presentation" cellpadding="0" cellspacing="0" width="100%" border="0">
                                                    <tbody>
                                                        <tr>
                                                            <td style="word-wrap:break-word;font-size:0px;padding:0px 20px 0px 20px;"
                                                                align="left">
                                                                <div style="cursor:auto;color:#000000;font-family:Merriweather, Georgia, serif;font-size:10px;line-height:22px;text-align:left;">
                                                                    <p>
                                                                        <span style="font-size:16px;">Dear Tony Stark</span>
                                                                        <span style="font-size:16px;">,</span>
                                                                    </p>
                                                                </div>
                                                            </td>
                                                        </tr>
                                                        <tr>
                                                            <td style="word-wrap:break-word;font-size:0px;padding:0px 20px 0px 20px;"
                                                                align="left">
                                                                <div style="cursor:auto;color:#000000;font-family:Merriweather, Georgia, serif;font-size:10px;line-height:22px;text-align:left;">
                                                                    <p>
                                                                        <span style="font-size:16px;">Thanks for connecting your Strava account with Strafforts!</span>
                                                                    </p>
                                                                </div>
                                                            </td>
                                                        </tr>
                                                        <tr>
                                                            <td style="word-wrap:break-word;font-size:0px;padding:0px 20px 0px 20px;"
                                                                align="left">
                                                                <div style="cursor:auto;color:#000000;font-family:Merriweather, Georgia, serif;font-size:10px;line-height:22px;text-align:left;">
                                                                    <p>
                                                                        <span style="font-size:16px;">It might take a while for your data to be fetched
                                                                            and processed by Strafforts. While you wait,
                                                                            you may visit our
                                                                            <a href="https://www.strafforts.com/athletes/9123806" target="_blank">demo page</a> to have a look around.</span>
                                                                    </p>
                                                                </div>
                                                            </td>
                                                        </tr>
                                                        <tr>
                                                            <td style="word-wrap:break-word;font-size:0px;padding:0px 20px 0px 20px;"
                                                                align="left">
                                                                <div style="cursor:auto;color:#000000;font-family:Merriweather, Georgia, serif;font-size:10px;line-height:22px;text-align:left;">
                                                                    <p>
                                                                        <span style="font-size:16px;">If you didn&apos;t know or haven&apos;t done so,
                                                                            you can tag your Strava activities as &quot;Race&quot;,
                                                                            &quot;Workout&quot; and &quot;Long Run&quot; (see
                                                                            <a href="https://support.strava.com/hc/en-us/articles/216919557-Using-Strava-Run-Type-Tags-to-analyze-your-Runs"
                                                                                target="_blank">this article</a> for more details). All Strafforts races are analyzed from those
                                                                            activities tagged as &quot;Race&quot; in Strava.</span>
                                                                    </p>
                                                                </div>
                                                            </td>
                                                        </tr>
                                                        <tr>
                                                            <td style="word-wrap:break-word;font-size:0px;padding:0px 20px 0px 20px;"
                                                                align="left">
                                                                <div style="cursor:auto;color:#000000;font-family:Merriweather, Georgia, serif;font-size:10px;line-height:22px;text-align:left;">
                                                                    <p>
                                                                        <span style="font-size:16px;">Your Strafforts profile URL is
                                                                            <a href="https://www.strafforts.com/athletes/123" target="_blank">https://www.strafforts.com/athletes/123</a>.
                                                                            <br>Feel free to bookmark it so that you won&apos;t
                                                                            lose your way back!</span>
                                                                    </p>
                                                                </div>
                                                            </td>
                                                        </tr>
                                                        <tr>
                                                            <td style="word-wrap:break-word;font-size:0px;padding:0px 20px 0px 20px;"
                                                                align="left">
                                                                <div style="cursor:auto;color:#000000;font-family:Merriweather, Georgia, serif;font-size:10px;line-height:22px;text-align:left;">
                                                                    <p>
                                                                        <span style="font-size:16px;">If you have any queries, please don&apos;t hesitate
                                                                            to contact us by simply replying to this email.</span>
                                                                    </p>
                                                                </div>
                                                            </td>
                                                        </tr>
                                                        <tr>
                                                            <td style="word-wrap:break-word;font-size:0px;padding:0px 20px 0px 20px;"
                                                                align="left">
                                                                <div style="cursor:auto;color:#000000;font-family:Merriweather, Georgia, serif;font-size:10px;line-height:22px;text-align:left;">
                                                                    <p>
                                                                        <span style="font-size:16px;">Once again, thanks for joining!</span>
                                                                    </p>
                                                                </div>
                                                            </td>
                                                        </tr>
                                                        <tr>
                                                            <td style="word-wrap:break-word;font-size:0px;padding:0px 20px 0px 20px;"
                                                                align="left">
                                                                <div style="cursor:auto;color:#000000;font-family:Merriweather, Georgia, serif;font-size:10px;line-height:22px;text-align:left;">
                                                                    <p>
                                                                        <span style="font-size:16px;">Regards,
                                                                            <br>Yi Zeng
                                                                            <br>
                                                                            <a href="https://www.strafforts.com" target="_blank">www.strafforts.com</a>
                                                                        </span>
                                                                    </p>
                                                                </div>
                                                            </td>
                                                        </tr>
                                                    </tbody>
                                                </table>
                                            </div>
                                            <!--[if mso | IE]>      </td></tr></table>      <![endif]-->
                                        </td>
                                    </tr>
                                </tbody>
                            </table>
                        </div>
                    </td>
                </tr>
            </tbody>
        </table>
        <!--[if mso | IE]>      </td></tr></table>      <![endif]-->
        <!--[if mso | IE]>      <table role="presentation" border="0" cellpadding="0" cellspacing="0" width="600" align="center" style="width:600px;">        <tr>          <td style="line-height:0px;font-size:0px;mso-line-height-rule:exactly;">      <![endif]-->
        <table role="presentation" cellpadding="0" cellspacing="0" style="font-size:0px;width:100%;" border="0">
            <tbody>
                <tr>
                    <td>
                        <div style="margin:0px auto;max-width:600px;">
                            <table role="presentation" cellpadding="0" cellspacing="0" style="font-size:0px;width:100%;" align="center"
                                border="0">
                                <tbody>
                                    <tr>
                                        <td style="text-align:center;vertical-align:top;direction:ltr;font-size:0px;padding:25px 0px 25px 0px;">
                                            <!--[if mso | IE]>      <table role="presentation" border="0" cellpadding="0" cellspacing="0">        <tr>          <td style="vertical-align:top;width:600px;">      <![endif]-->
                                            <div class="mj-column-per-100 outlook-group-fix" style="vertical-align:top;display:inline-block;direction:ltr;font-size:13px;text-align:left;width:100%;">
                                                <table role="presentation" cellpadding="0" cellspacing="0" width="100%" border="0">
                                                    <tbody>
                                                        <tr>
                                                            <td style="word-wrap:break-word;font-size:0px;padding:10px 25px 10px 25px;padding-top:10px;padding-left:25px;"
                                                                align="center">
                                                                <table role="presentation" cellpadding="0" cellspacing="0" style="border-collapse:separate;"
                                                                    align="center" border="0">
                                                                    <tbody>
                                                                        <tr>
                                                                            <td style="border:none;border-radius:24px;color:#fff;cursor:auto;padding:10px 25px;"
                                                                                align="center" valign="middle" bgcolor="#FC4C02">
                                                                                <a href="https://www.strava.com/athletes/9123806"
                                                                                    style="text-decoration:none;background:#FC4C02;color:#fff;font-family:Merriweather, Georgia, serif;font-size:13px;font-weight:normal;line-height:120%;text-transform:none;margin:0px;"
                                                                                    target="_blank">Follow me on Strava</a>
                                                                            </td>
                                                                        </tr>
                                                                    </tbody>
                                                                </table>
                                                            </td>
                                                        </tr>
                                                        <tr>
                                                            <td style="word-wrap:break-word;font-size:0px;padding:0px 20px 0px 20px;"
                                                                align="center">
                                                                <div style="cursor:auto;color:#949494;font-family:Merriweather, Georgia, serif;font-size:10px;line-height:22px;text-align:center;">
                                                                    <p>
                                                                        <span style="font-size:12px;">Copyright &#xA9;&#xA0;2017 Strafforts, free and open source
                                                                            for the community.</span>
                                                                    </p>
                                                                </div>
                                                            </td>
                                                        </tr>
                                                    </tbody>
                                                </table>
                                            </div>
                                            <!--[if mso | IE]>      </td></tr></table>      <![endif]-->
                                        </td>
                                    </tr>
                                </tbody>
                            </table>
                        </div>
                    </td>
                </tr>
            </tbody>
        </table>
        <!--[if mso | IE]>      </td></tr></table>      <![endif]-->
    </div>
</body>

</html>
  </body>
</html>
