[{"is_imperial_unit":false,"best_effort_type":"1 mile","elapsed_time":384,"activity_id":690213152,"activity_name":"Sri Chinmoy 10km Christmas Dash 2015","start_date":"2015-12-13","workout_type_name":"race","elapsed_time_formatted":"00:06:24","pace":"3:59","pace_unit":"/km","elevation":44,"elevation_unit":"m","cadence":177,"suffer_score":184,"gear_name":"ASICS DS Racer 9","average_heartrate":173,"average_hr_zone":"4","max_heartrate":180,"max_hr_zone":"4"},{"is_imperial_unit":false,"best_effort_type":"1 mile","elapsed_time":385,"activity_id":690210467,"activity_name":"RaceTeam Week #6 - 5km Time Trial","start_date":"2015-10-20","workout_type_name":"race","elapsed_time_formatted":"00:06:25","pace":"3:59","pace_unit":"/km","elevation":12,"elevation_unit":"m","cadence":176,"suffer_score":88,"gear_name":"ASICS DS Trainer 19 (Blue)","average_heartrate":178,"average_hr_zone":"4","max_heartrate":186,"max_hr_zone":"5"},{"is_imperial_unit":false,"best_effort_type":"1 mile","elapsed_time":386,"activity_id":690208774,"activity_name":"RaceTeam Week #2 - Track Session","start_date":"2015-09-22","workout_type_name":"workout","elapsed_time_formatted":"00:06:26","pace":"3:60","pace_unit":"/km","elevation":0,"elevation_unit":"m","cadence":180,"suffer_score":87,"gear_name":"ASICS DS Trainer 19 (Blue)","average_heartrate":160,"average_hr_zone":"2","max_heartrate":172,"max_hr_zone":"4"},{"is_imperial_unit":false,"best_effort_type":"1 mile","elapsed_time":421,"activity_id":690200434,"activity_name":"Hagley parkrun #33","start_date":"2015-05-23","workout_type_name":"race","elapsed_time_formatted":"00:07:01","pace":"4:22","pace_unit":"/km","elevation":45,"elevation_unit":"m","cadence":"","suffer_score":"","gear_name":"ASICS DS Racer 9","average_heartrate":-1,"average_hr_zone":"na","max_heartrate":-1,"max_hr_zone":"na"},{"is_imperial_unit":false,"best_effort_type":"1 mile","elapsed_time":388,"activity_id":690200527,"activity_name":"Saturday Arvo Run Up to Cashmere Hills","start_date":"2015-05-23","workout_type_name":"run","elapsed_time_formatted":"00:06:28","pace":"4:01","pace_unit":"/km","elevation":176,"elevation_unit":"m","cadence":"","suffer_score":"","gear_name":"ASICS DS Trainer 18 (Blue)","average_heartrate":-1,"average_hr_zone":"na","max_heartrate":-1,"max_hr_zone":"na"},{"is_imperial_unit":false,"best_effort_type":"1 mile","elapsed_time":426,"activity_id":690197197,"activity_name":"First run back in Wuhan, China","start_date":"2015-02-12","workout_type_name":"run","elapsed_time_formatted":"00:07:06","pace":"4:25","pace_unit":"/km","elevation":0,"elevation_unit":"m","cadence":"","suffer_score":"","gear_name":"ASICS GT-2000 2","average_heartrate":-1,"average_hr_zone":"na","max_heartrate":-1,"max_hr_zone":"na"},{"is_imperial_unit":false,"best_effort_type":"1 mile","elapsed_time":429,"activity_id":690196381,"activity_name":"Shoe Clinic ASICS 5K Series 2015 Race #3","start_date":"2015-01-20","workout_type_name":"race","elapsed_time_formatted":"00:07:09","pace":"4:27","pace_unit":"/km","elevation":23,"elevation_unit":"m","cadence":"","suffer_score":"","gear_name":"ASICS DS Racer 9","average_heartrate":-1,"average_hr_zone":"na","max_heartrate":-1,"max_hr_zone":"na"},{"is_imperial_unit":false,"best_effort_type":"1 mile","elapsed_time":440,"activity_id":690196182,"activity_name":"Shoe Clinic ASICS 5K Series 2015 Race #2","start_date":"2015-01-13","workout_type_name":"race","elapsed_time_formatted":"00:07:20","pace":"4:33","pace_unit":"/km","elevation":24,"elevation_unit":"m","cadence":"","suffer_score":"","gear_name":"ASICS DS Racer 9","average_heartrate":-1,"average_hr_zone":"na","max_heartrate":-1,"max_hr_zone":"na"},{"is_imperial_unit":false,"best_effort_type":"1 mile","elapsed_time":449,"activity_id":690190153,"activity_name":"Christchurch Marathon 2014","start_date":"2014-06-01","workout_type_name":"race","elapsed_time_formatted":"00:07:29","pace":"4:39","pace_unit":"/km","elevation":13,"elevation_unit":"m","cadence":"","suffer_score":"","gear_name":"Fila Facilitator","average_heartrate":-1,"average_hr_zone":"na","max_heartrate":-1,"max_hr_zone":"na"},{"is_imperial_unit":false,"best_effort_type":"1 mile","elapsed_time":459,"activity_id":690188255,"activity_name":"Cold wet Friday night 5km run in Russley","start_date":"2014-05-09","workout_type_name":"run","elapsed_time_formatted":"00:07:39","pace":"4:45","pace_unit":"/km","elevation":0,"elevation_unit":"m","cadence":"","suffer_score":"","gear_name":"Fila Facilitator","average_heartrate":-1,"average_hr_zone":"na","max_heartrate":-1,"max_hr_zone":"na"},{"is_imperial_unit":false,"best_effort_type":"1 mile","elapsed_time":469,"activity_id":690187767,"activity_name":"4 Weeks til Christchurch Marathon","start_date":"2014-05-04","workout_type_name":"run","elapsed_time_formatted":"00:07:49","pace":"4:51","pace_unit":"/km","elevation":11,"elevation_unit":"m","cadence":"","suffer_score":"","gear_name":"Fila Facilitator","average_heartrate":-1,"average_hr_zone":"na","max_heartrate":-1,"max_hr_zone":"na"},{"is_imperial_unit":false,"best_effort_type":"1 mile","elapsed_time":474,"activity_id":690187626,"activity_name":"Third 10km run done on a Saturday arvo","start_date":"2014-05-03","workout_type_name":"long run","elapsed_time_formatted":"00:07:54","pace":"4:55","pace_unit":"/km","elevation":12,"elevation_unit":"m","cadence":"","suffer_score":"","gear_name":"Fila Facilitator","average_heartrate":-1,"average_hr_zone":"na","max_heartrate":-1,"max_hr_zone":"na"},{"is_imperial_unit":false,"best_effort_type":"1 mile","elapsed_time":479,"activity_id":690187439,"activity_name":"A steady Wednesday arvo 5km run","start_date":"2014-04-30","workout_type_name":"run","elapsed_time_formatted":"00:07:59","pace":"4:58","pace_unit":"/km","elevation":11,"elevation_unit":"m","cadence":"","suffer_score":"","gear_name":"Fila Facilitator","average_heartrate":-1,"average_hr_zone":"na","max_heartrate":-1,"max_hr_zone":"na"},{"is_imperial_unit":false,"best_effort_type":"1 mile","elapsed_time":484,"activity_id":690186549,"activity_name":"Tuesday afternoon 5km run","start_date":"2014-04-22","workout_type_name":"run","elapsed_time_formatted":"00:08:04","pace":"5:01","pace_unit":"/km","elevation":0,"elevation_unit":"m","cadence":"","suffer_score":"","gear_name":"Fila Facilitator","average_heartrate":-1,"average_hr_zone":"na","max_heartrate":-1,"max_hr_zone":"na"},{"is_imperial_unit":false,"best_effort_type":"1 mile","elapsed_time":486,"activity_id":690186399,"activity_name":"Monday arvo 5km run at a near sub-5 pace","start_date":"2014-04-21","workout_type_name":"run","elapsed_time_formatted":"00:08:06","pace":"5:02","pace_unit":"/km","elevation":0,"elevation_unit":"m","cadence":"","suffer_score":"","gear_name":"Fila Facilitator","average_heartrate":-1,"average_hr_zone":"na","max_heartrate":-1,"max_hr_zone":"na"},{"is_imperial_unit":false,"best_effort_type":"1 mile","elapsed_time":507,"activity_id":690185830,"activity_name":"Wet Tuesday night laps around the block","start_date":"2014-04-15","workout_type_name":"run","elapsed_time_formatted":"00:08:27","pace":"5:15","pace_unit":"/km","elevation":0,"elevation_unit":"m","cadence":"","suffer_score":"","gear_name":"Fila Facilitator","average_heartrate":-1,"average_hr_zone":"na","max_heartrate":-1,"max_hr_zone":"na"},{"is_imperial_unit":false,"best_effort_type":"1 mile","elapsed_time":538,"activity_id":690184729,"activity_name":"Saturday night run to Avonhead Park along Withells Road","start_date":"2014-03-22","workout_type_name":"run","elapsed_time_formatted":"00:08:58","pace":"5:34","pace_unit":"/km","elevation":14,"elevation_unit":"m","cadence":"","suffer_score":"","gear_name":"Fila Facilitator","average_heartrate":-1,"average_hr_zone":"na","max_heartrate":-1,"max_hr_zone":"na"},{"is_imperial_unit":false,"best_effort_type":"1 mile","elapsed_time":542,"activity_id":690182547,"activity_name":"Saturday night 30 min run to Avonhead Park","start_date":"2014-02-15","workout_type_name":"run","elapsed_time_formatted":"00:09:02","pace":"5:37","pace_unit":"/km","elevation":14,"elevation_unit":"m","cadence":"","suffer_score":"","gear_name":"Fila Facilitator","average_heartrate":-1,"average_hr_zone":"na","max_heartrate":-1,"max_hr_zone":"na"},{"is_imperial_unit":false,"best_effort_type":"1 mile","elapsed_time":544,"activity_id":690181250,"activity_name":"Avonhead, Christchurch, New Zealand","start_date":"2014-01-21","workout_type_name":"run","elapsed_time_formatted":"00:09:04","pace":"5:38","pace_unit":"/km","elevation":0,"elevation_unit":"m","cadence":"","suffer_score":"","gear_name":"Fila Facilitator","average_heartrate":-1,"average_hr_zone":"na","max_heartrate":-1,"max_hr_zone":"na"}]