[{"is_imperial_unit":false,"best_effort_type":"1/2 mile","elapsed_time":173,"activity_id":690207902,"activity_name":"Morning run in Auckland during Microsoft Ignite week","start_date":"2015-09-03","workout_type_name":"run","elapsed_time_formatted":"00:02:53","pace":"3:35","pace_unit":"/km","elevation":89,"elevation_unit":"m","cadence":174,"suffer_score":36,"gear_name":"ASICS DS Trainer 19 (Blue)","average_heartrate":155,"average_hr_zone":"2","max_heartrate":167,"max_hr_zone":"3"},{"is_imperial_unit":false,"best_effort_type":"1/2 mile","elapsed_time":175,"activity_id":690207717,"activity_name":"Run down Rapaki with Zoe after hill repeats","start_date":"2015-08-29","workout_type_name":"workout","elapsed_time_formatted":"00:02:55","pace":"3:37","pace_unit":"/km","elevation":523,"elevation_unit":"m","cadence":165,"suffer_score":160,"gear_name":"ASICS DS Trainer 19 (Blue)","average_heartrate":159,"average_hr_zone":"2","max_heartrate":177,"max_hr_zone":"4"},{"is_imperial_unit":false,"best_effort_type":"1/2 mile","elapsed_time":182,"activity_id":690206108,"activity_name":"Sri Chinmoy Sumner 2015 Race #3","start_date":"2015-07-26","workout_type_name":"race","elapsed_time_formatted":"00:03:02","pace":"3:46","pace_unit":"/km","elevation":45,"elevation_unit":"m","cadence":175,"suffer_score":90,"gear_name":"ASICS DS Racer 9","average_heartrate":172,"average_hr_zone":"4","max_heartrate":178,"max_hr_zone":"4"},{"is_imperial_unit":false,"best_effort_type":"1/2 mile","elapsed_time":203,"activity_id":690200434,"activity_name":"Hagley parkrun #33","start_date":"2015-05-23","workout_type_name":"race","elapsed_time_formatted":"00:03:23","pace":"4:12","pace_unit":"/km","elevation":45,"elevation_unit":"m","cadence":"","suffer_score":"","gear_name":"ASICS DS Racer 9","average_heartrate":-1,"average_hr_zone":"na","max_heartrate":-1,"max_hr_zone":"na"},{"is_imperial_unit":false,"best_effort_type":"1/2 mile","elapsed_time":185,"activity_id":690200527,"activity_name":"Saturday Arvo Run Up to Cashmere Hills","start_date":"2015-05-23","workout_type_name":"run","elapsed_time_formatted":"00:03:05","pace":"3:50","pace_unit":"/km","elevation":176,"elevation_unit":"m","cadence":"","suffer_score":"","gear_name":"ASICS DS Trainer 18 (Blue)","average_heartrate":-1,"average_hr_zone":"na","max_heartrate":-1,"max_hr_zone":"na"},{"is_imperial_unit":false,"best_effort_type":"1/2 mile","elapsed_time":208,"activity_id":690197197,"activity_name":"First run back in Wuhan, China","start_date":"2015-02-12","workout_type_name":"run","elapsed_time_formatted":"00:03:28","pace":"4:18","pace_unit":"/km","elevation":0,"elevation_unit":"m","cadence":"","suffer_score":"","gear_name":"ASICS GT-2000 2","average_heartrate":-1,"average_hr_zone":"na","max_heartrate":-1,"max_hr_zone":"na"},{"is_imperial_unit":false,"best_effort_type":"1/2 mile","elapsed_time":212,"activity_id":690196182,"activity_name":"Shoe Clinic ASICS 5K Series 2015 Race #2","start_date":"2015-01-13","workout_type_name":"race","elapsed_time_formatted":"00:03:32","pace":"4:23","pace_unit":"/km","elevation":24,"elevation_unit":"m","cadence":"","suffer_score":"","gear_name":"ASICS DS Racer 9","average_heartrate":-1,"average_hr_zone":"na","max_heartrate":-1,"max_hr_zone":"na"},{"is_imperial_unit":false,"best_effort_type":"1/2 mile","elapsed_time":221,"activity_id":690190153,"activity_name":"Christchurch Marathon 2014","start_date":"2014-06-01","workout_type_name":"race","elapsed_time_formatted":"00:03:41","pace":"4:35","pace_unit":"/km","elevation":13,"elevation_unit":"m","cadence":"","suffer_score":"","gear_name":"Fila Facilitator","average_heartrate":-1,"average_hr_zone":"na","max_heartrate":-1,"max_hr_zone":"na"},{"is_imperial_unit":false,"best_effort_type":"1/2 mile","elapsed_time":224,"activity_id":690188007,"activity_name":"Run back home from Telogis office","start_date":"2014-05-06","workout_type_name":"run","elapsed_time_formatted":"00:03:44","pace":"4:38","pace_unit":"/km","elevation":15,"elevation_unit":"m","cadence":"","suffer_score":"","gear_name":"Fila Facilitator","average_heartrate":-1,"average_hr_zone":"na","max_heartrate":-1,"max_hr_zone":"na"},{"is_imperial_unit":false,"best_effort_type":"1/2 mile","elapsed_time":228,"activity_id":690187439,"activity_name":"A steady Wednesday arvo 5km run","start_date":"2014-04-30","workout_type_name":"run","elapsed_time_formatted":"00:03:48","pace":"4:43","pace_unit":"/km","elevation":11,"elevation_unit":"m","cadence":"","suffer_score":"","gear_name":"Fila Facilitator","average_heartrate":-1,"average_hr_zone":"na","max_heartrate":-1,"max_hr_zone":"na"},{"is_imperial_unit":false,"best_effort_type":"1/2 mile","elapsed_time":236,"activity_id":690186804,"activity_name":"Anzac day 5km run","start_date":"2014-04-25","workout_type_name":"run","elapsed_time_formatted":"00:03:56","pace":"4:53","pace_unit":"/km","elevation":0,"elevation_unit":"m","cadence":"","suffer_score":"","gear_name":"Fila Facilitator","average_heartrate":-1,"average_hr_zone":"na","max_heartrate":-1,"max_hr_zone":"na"},{"is_imperial_unit":false,"best_effort_type":"1/2 mile","elapsed_time":236,"activity_id":690186549,"activity_name":"Tuesday afternoon 5km run","start_date":"2014-04-22","workout_type_name":"run","elapsed_time_formatted":"00:03:56","pace":"4:53","pace_unit":"/km","elevation":0,"elevation_unit":"m","cadence":"","suffer_score":"","gear_name":"Fila Facilitator","average_heartrate":-1,"average_hr_zone":"na","max_heartrate":-1,"max_hr_zone":"na"},{"is_imperial_unit":false,"best_effort_type":"1/2 mile","elapsed_time":238,"activity_id":690186399,"activity_name":"Monday arvo 5km run at a near sub-5 pace","start_date":"2014-04-21","workout_type_name":"run","elapsed_time_formatted":"00:03:58","pace":"4:56","pace_unit":"/km","elevation":0,"elevation_unit":"m","cadence":"","suffer_score":"","gear_name":"Fila Facilitator","average_heartrate":-1,"average_hr_zone":"na","max_heartrate":-1,"max_hr_zone":"na"},{"is_imperial_unit":false,"best_effort_type":"1/2 mile","elapsed_time":244,"activity_id":690185830,"activity_name":"Wet Tuesday night laps around the block","start_date":"2014-04-15","workout_type_name":"run","elapsed_time_formatted":"00:04:04","pace":"5:03","pace_unit":"/km","elevation":0,"elevation_unit":"m","cadence":"","suffer_score":"","gear_name":"Fila Facilitator","average_heartrate":-1,"average_hr_zone":"na","max_heartrate":-1,"max_hr_zone":"na"},{"is_imperial_unit":false,"best_effort_type":"1/2 mile","elapsed_time":246,"activity_id":690185709,"activity_name":"Cutts and Delaware loop run on a rainy night","start_date":"2014-04-14","workout_type_name":"run","elapsed_time_formatted":"00:04:06","pace":"5:06","pace_unit":"/km","elevation":0,"elevation_unit":"m","cadence":"","suffer_score":"","gear_name":"Fila Facilitator","average_heartrate":-1,"average_hr_zone":"na","max_heartrate":-1,"max_hr_zone":"na"},{"is_imperial_unit":false,"best_effort_type":"1/2 mile","elapsed_time":253,"activity_id":690182162,"activity_name":"Avonhead, Christchurch, New Zealand","start_date":"2014-02-06","workout_type_name":"run","elapsed_time_formatted":"00:04:13","pace":"5:14","pace_unit":"/km","elevation":14,"elevation_unit":"m","cadence":"","suffer_score":"","gear_name":"Fila Facilitator","average_heartrate":-1,"average_hr_zone":"na","max_heartrate":-1,"max_hr_zone":"na"},{"is_imperial_unit":false,"best_effort_type":"1/2 mile","elapsed_time":259,"activity_id":690181991,"activity_name":"Avonhead, Christchurch, New Zealand","start_date":"2014-02-04","workout_type_name":"run","elapsed_time_formatted":"00:04:19","pace":"5:22","pace_unit":"/km","elevation":0,"elevation_unit":"m","cadence":"","suffer_score":"","gear_name":"Fila Facilitator","average_heartrate":-1,"average_hr_zone":"na","max_heartrate":-1,"max_hr_zone":"na"},{"is_imperial_unit":false,"best_effort_type":"1/2 mile","elapsed_time":264,"activity_id":690181250,"activity_name":"Avonhead, Christchurch, New Zealand","start_date":"2014-01-21","workout_type_name":"run","elapsed_time_formatted":"00:04:24","pace":"5:28","pace_unit":"/km","elevation":0,"elevation_unit":"m","cadence":"","suffer_score":"","gear_name":"Fila Facilitator","average_heartrate":-1,"average_hr_zone":"na","max_heartrate":-1,"max_hr_zone":"na"},{"is_imperial_unit":false,"best_effort_type":"1/2 mile","elapsed_time":265,"activity_id":690180838,"activity_name":"Monday night run to Avonhead park and back","start_date":"2014-01-13","workout_type_name":"run","elapsed_time_formatted":"00:04:25","pace":"5:29","pace_unit":"/km","elevation":11,"elevation_unit":"m","cadence":"","suffer_score":"","gear_name":"Fila Facilitator","average_heartrate":-1,"average_hr_zone":"na","max_heartrate":-1,"max_hr_zone":"na"},{"is_imperial_unit":false,"best_effort_type":"1/2 mile","elapsed_time":275,"activity_id":690180747,"activity_name":"Almost done my first 5km run","start_date":"2014-01-10","workout_type_name":"run","elapsed_time_formatted":"00:04:35","pace":"5:42","pace_unit":"/km","elevation":0,"elevation_unit":"m","cadence":"","suffer_score":"","gear_name":"Fila Facilitator","average_heartrate":-1,"average_hr_zone":"na","max_heartrate":-1,"max_hr_zone":"na"},{"is_imperial_unit":false,"best_effort_type":"1/2 mile","elapsed_time":276,"activity_id":690180641,"activity_name":"Short 3km run along Withells Road","start_date":"2014-01-09","workout_type_name":"run","elapsed_time_formatted":"00:04:36","pace":"5:43","pace_unit":"/km","elevation":0,"elevation_unit":"m","cadence":"","suffer_score":"","gear_name":"Fila Facilitator","average_heartrate":-1,"average_hr_zone":"na","max_heartrate":-1,"max_hr_zone":"na"}]