[{"is_imperial_unit":false,"best_effort_type":"400m","elapsed_time":66,"activity_id":690207902,"activity_name":"Morning run in Auckland during Microsoft Ignite week","start_date":"2015-09-03","workout_type_name":"run","elapsed_time_formatted":"00:01:06","pace":"2:45","pace_unit":"/km","elevation":89,"elevation_unit":"m","cadence":174,"suffer_score":36,"gear_name":"ASICS DS Trainer 19 (Blue)","average_heartrate":155,"average_hr_zone":"2","max_heartrate":167,"max_hr_zone":"3"},{"is_imperial_unit":false,"best_effort_type":"400m","elapsed_time":83,"activity_id":690207717,"activity_name":"Run down Rapaki with Zoe after hill repeats","start_date":"2015-08-29","workout_type_name":"workout","elapsed_time_formatted":"00:01:23","pace":"3:27","pace_unit":"/km","elevation":523,"elevation_unit":"m","cadence":165,"suffer_score":160,"gear_name":"ASICS DS Trainer 19 (Blue)","average_heartrate":159,"average_hr_zone":"2","max_heartrate":177,"max_hr_zone":"4"},{"is_imperial_unit":false,"best_effort_type":"400m","elapsed_time":83,"activity_id":690206108,"activity_name":"Sri Chinmoy Sumner 2015 Race #3","start_date":"2015-07-26","workout_type_name":"race","elapsed_time_formatted":"00:01:23","pace":"3:27","pace_unit":"/km","elevation":45,"elevation_unit":"m","cadence":175,"suffer_score":90,"gear_name":"ASICS DS Racer 9","average_heartrate":172,"average_hr_zone":"4","max_heartrate":178,"max_hr_zone":"4"},{"is_imperial_unit":false,"best_effort_type":"400m","elapsed_time":96,"activity_id":690200434,"activity_name":"Hagley parkrun #33","start_date":"2015-05-23","workout_type_name":"race","elapsed_time_formatted":"00:01:36","pace":"3:60","pace_unit":"/km","elevation":45,"elevation_unit":"m","cadence":"","suffer_score":"","gear_name":"ASICS DS Racer 9","average_heartrate":-1,"average_hr_zone":"na","max_heartrate":-1,"max_hr_zone":"na"},{"is_imperial_unit":false,"best_effort_type":"400m","elapsed_time":84,"activity_id":690200527,"activity_name":"Saturday Arvo Run Up to Cashmere Hills","start_date":"2015-05-23","workout_type_name":"run","elapsed_time_formatted":"00:01:24","pace":"3:30","pace_unit":"/km","elevation":176,"elevation_unit":"m","cadence":"","suffer_score":"","gear_name":"ASICS DS Trainer 18 (Blue)","average_heartrate":-1,"average_hr_zone":"na","max_heartrate":-1,"max_hr_zone":"na"},{"is_imperial_unit":false,"best_effort_type":"400m","elapsed_time":100,"activity_id":690197197,"activity_name":"First run back in Wuhan, China","start_date":"2015-02-12","workout_type_name":"run","elapsed_time_formatted":"00:01:40","pace":"4:10","pace_unit":"/km","elevation":0,"elevation_unit":"m","cadence":"","suffer_score":"","gear_name":"ASICS GT-2000 2","average_heartrate":-1,"average_hr_zone":"na","max_heartrate":-1,"max_hr_zone":"na"},{"is_imperial_unit":false,"best_effort_type":"400m","elapsed_time":101,"activity_id":690196182,"activity_name":"Shoe Clinic ASICS 5K Series 2015 Race #2","start_date":"2015-01-13","workout_type_name":"race","elapsed_time_formatted":"00:01:41","pace":"4:13","pace_unit":"/km","elevation":24,"elevation_unit":"m","cadence":"","suffer_score":"","gear_name":"ASICS DS Racer 9","average_heartrate":-1,"average_hr_zone":"na","max_heartrate":-1,"max_hr_zone":"na"},{"is_imperial_unit":false,"best_effort_type":"400m","elapsed_time":103,"activity_id":690196016,"activity_name":"Shoe Clinic ASICS 5K Series 2015 Race #1","start_date":"2015-01-06","workout_type_name":"race","elapsed_time_formatted":"00:01:43","pace":"4:18","pace_unit":"/km","elevation":23,"elevation_unit":"m","cadence":"","suffer_score":"","gear_name":"ASICS GT-2000 2","average_heartrate":-1,"average_hr_zone":"na","max_heartrate":-1,"max_hr_zone":"na"},{"is_imperial_unit":false,"best_effort_type":"400m","elapsed_time":104,"activity_id":690188007,"activity_name":"Run back home from Telogis office","start_date":"2014-05-06","workout_type_name":"run","elapsed_time_formatted":"00:01:44","pace":"4:20","pace_unit":"/km","elevation":15,"elevation_unit":"m","cadence":"","suffer_score":"","gear_name":"Fila Facilitator","average_heartrate":-1,"average_hr_zone":"na","max_heartrate":-1,"max_hr_zone":"na"},{"is_imperial_unit":false,"best_effort_type":"400m","elapsed_time":105,"activity_id":690186549,"activity_name":"Tuesday afternoon 5km run","start_date":"2014-04-22","workout_type_name":"run","elapsed_time_formatted":"00:01:45","pace":"4:23","pace_unit":"/km","elevation":0,"elevation_unit":"m","cadence":"","suffer_score":"","gear_name":"Fila Facilitator","average_heartrate":-1,"average_hr_zone":"na","max_heartrate":-1,"max_hr_zone":"na"},{"is_imperial_unit":false,"best_effort_type":"400m","elapsed_time":111,"activity_id":690186399,"activity_name":"Monday arvo 5km run at a near sub-5 pace","start_date":"2014-04-21","workout_type_name":"run","elapsed_time_formatted":"00:01:51","pace":"4:38","pace_unit":"/km","elevation":0,"elevation_unit":"m","cadence":"","suffer_score":"","gear_name":"Fila Facilitator","average_heartrate":-1,"average_hr_zone":"na","max_heartrate":-1,"max_hr_zone":"na"},{"is_imperial_unit":false,"best_effort_type":"400m","elapsed_time":114,"activity_id":690185709,"activity_name":"Cutts and Delaware loop run on a rainy night","start_date":"2014-04-14","workout_type_name":"run","elapsed_time_formatted":"00:01:54","pace":"4:45","pace_unit":"/km","elevation":0,"elevation_unit":"m","cadence":"","suffer_score":"","gear_name":"Fila Facilitator","average_heartrate":-1,"average_hr_zone":"na","max_heartrate":-1,"max_hr_zone":"na"},{"is_imperial_unit":false,"best_effort_type":"400m","elapsed_time":115,"activity_id":690185037,"activity_name":"Thursday night 30 minutes run","start_date":"2014-03-27","workout_type_name":"run","elapsed_time_formatted":"00:01:55","pace":"4:48","pace_unit":"/km","elevation":14,"elevation_unit":"m","cadence":"","suffer_score":"","gear_name":"Fila Facilitator","average_heartrate":-1,"average_hr_zone":"na","max_heartrate":-1,"max_hr_zone":"na"},{"is_imperial_unit":false,"best_effort_type":"400m","elapsed_time":118,"activity_id":690184729,"activity_name":"Saturday night run to Avonhead Park along Withells Road","start_date":"2014-03-22","workout_type_name":"run","elapsed_time_formatted":"00:01:58","pace":"4:55","pace_unit":"/km","elevation":14,"elevation_unit":"m","cadence":"","suffer_score":"","gear_name":"Fila Facilitator","average_heartrate":-1,"average_hr_zone":"na","max_heartrate":-1,"max_hr_zone":"na"},{"is_imperial_unit":false,"best_effort_type":"400m","elapsed_time":121,"activity_id":690181397,"activity_name":"Avonhead, Christchurch, New Zealand","start_date":"2014-01-27","workout_type_name":"run","elapsed_time_formatted":"00:02:01","pace":"5:03","pace_unit":"/km","elevation":0,"elevation_unit":"m","cadence":"","suffer_score":"","gear_name":"Fila Facilitator","average_heartrate":-1,"average_hr_zone":"na","max_heartrate":-1,"max_hr_zone":"na"},{"is_imperial_unit":false,"best_effort_type":"400m","elapsed_time":123,"activity_id":690181250,"activity_name":"Avonhead, Christchurch, New Zealand","start_date":"2014-01-21","workout_type_name":"run","elapsed_time_formatted":"00:02:03","pace":"5:08","pace_unit":"/km","elevation":0,"elevation_unit":"m","cadence":"","suffer_score":"","gear_name":"Fila Facilitator","average_heartrate":-1,"average_hr_zone":"na","max_heartrate":-1,"max_hr_zone":"na"},{"is_imperial_unit":false,"best_effort_type":"400m","elapsed_time":125,"activity_id":690180838,"activity_name":"Monday night run to Avonhead park and back","start_date":"2014-01-13","workout_type_name":"run","elapsed_time_formatted":"00:02:05","pace":"5:13","pace_unit":"/km","elevation":11,"elevation_unit":"m","cadence":"","suffer_score":"","gear_name":"Fila Facilitator","average_heartrate":-1,"average_hr_zone":"na","max_heartrate":-1,"max_hr_zone":"na"},{"is_imperial_unit":false,"best_effort_type":"400m","elapsed_time":126,"activity_id":690180641,"activity_name":"Short 3km run along Withells Road","start_date":"2014-01-09","workout_type_name":"run","elapsed_time_formatted":"00:02:06","pace":"5:15","pace_unit":"/km","elevation":0,"elevation_unit":"m","cadence":"","suffer_score":"","gear_name":"Fila Facilitator","average_heartrate":-1,"average_hr_zone":"na","max_heartrate":-1,"max_hr_zone":"na"},{"is_imperial_unit":false,"best_effort_type":"400m","elapsed_time":134,"activity_id":690180546,"activity_name":"Tuesday afternoon run towards Avonhead Road","start_date":"2014-01-07","workout_type_name":"run","elapsed_time_formatted":"00:02:14","pace":"5:35","pace_unit":"/km","elevation":0,"elevation_unit":"m","cadence":"","suffer_score":"","gear_name":"Fila Facilitator","average_heartrate":-1,"average_hr_zone":"na","max_heartrate":-1,"max_hr_zone":"na"}]