[{"best_effort_type":"Marathon","count":0,"is_major":true},{"best_effort_type":"Half Marathon","count":4,"is_major":true},{"best_effort_type":"10k","count":7,"is_major":true},{"best_effort_type":"5k","count":13,"is_major":true},{"best_effort_type":"50k","count":0,"is_major":false},{"best_effort_type":"30k","count":0,"is_major":false},{"best_effort_type":"20k","count":4,"is_major":false},{"best_effort_type":"10 mile","count":5,"is_major":false},{"best_effort_type":"15k","count":6,"is_major":false},{"best_effort_type":"2 mile","count":16,"is_major":false},{"best_effort_type":"1 mile","count":19,"is_major":false},{"best_effort_type":"1k","count":21,"is_major":false},{"best_effort_type":"1/2 mile","count":21,"is_major":false},{"best_effort_type":"400m","count":19,"is_major":false}]