[{"name":"Marathon","count":0,"is_major":true},{"name":"Half Marathon","count":4,"is_major":true},{"name":"10k","count":7,"is_major":true},{"name":"5k","count":13,"is_major":true},{"name":"50k","count":0,"is_major":false},{"name":"30k","count":0,"is_major":false},{"name":"20k","count":4,"is_major":false},{"name":"10 mile","count":5,"is_major":false},{"name":"15k","count":6,"is_major":false},{"name":"2 mile","count":16,"is_major":false},{"name":"1 mile","count":19,"is_major":false},{"name":"1k","count":21,"is_major":false},{"name":"1/2 mile","count":21,"is_major":false},{"name":"400m","count":19,"is_major":false}]