[{"is_imperial_unit":false,"best_effort_type":"10 mile","elapsed_time":4295,"activity_id":690235515,"activity_name":"Southern Lakes Half Marathon 2016","start_date":"2016-04-02","workout_type_name":"race","elapsed_time_formatted":"01:11:35","pace_in_seconds":266.93598508390306,"pace":"4:27","pace_unit":"/km","elevation":16,"elevation_unit":"m","cadence":179,"suffer_score":271,"gear_name":"ASICS DS Trainer 19 (Blue)","average_heartrate":169,"average_hr_zone":"3","max_heartrate":180,"max_hr_zone":"4"},{"is_imperial_unit":false,"best_effort_type":"10 mile","elapsed_time":4490,"activity_id":690216114,"activity_name":"Buller Gorge Marathon 2016","start_date":"2016-02-13","workout_type_name":"race","elapsed_time_formatted":"01:14:50","pace_in_seconds":279.0553138595401,"pace":"4:39","pace_unit":"/km","elevation":351,"elevation_unit":"m","cadence":177,"suffer_score":299,"gear_name":"ASICS DS Trainer 19 (Blue)","average_heartrate":169,"average_hr_zone":"3","max_heartrate":176,"max_hr_zone":"4"},{"is_imperial_unit":false,"best_effort_type":"10 mile","elapsed_time":4641,"activity_id":690211873,"activity_name":"Queenstown Marathon 2015","start_date":"2015-11-21","workout_type_name":"race","elapsed_time_formatted":"01:17:21","pace_in_seconds":288.4400248601616,"pace":"4:48","pace_unit":"/km","elevation":206,"elevation_unit":"m","cadence":174,"suffer_score":285,"gear_name":"ASICS DS Trainer 19 (Blue)","average_heartrate":167,"average_hr_zone":"3","max_heartrate":184,"max_hr_zone":"5"},{"is_imperial_unit":false,"best_effort_type":"10 mile","elapsed_time":4706,"activity_id":690210040,"activity_name":"RaceTeam Week #4 - McCormacks Bay Reserve","start_date":"2015-10-10","workout_type_name":"long run","elapsed_time_formatted":"01:18:26","pace_in_seconds":292.47980111870726,"pace":"4:52","pace_unit":"/km","elevation":281,"elevation_unit":"m","cadence":176,"suffer_score":175,"gear_name":"ASICS GT-2000 3 Lite-Show","average_heartrate":159,"average_hr_zone":"2","max_heartrate":170,"max_hr_zone":"3"},{"is_imperial_unit":false,"best_effort_type":"10 mile","elapsed_time":5241,"activity_id":690200263,"activity_name":"Second Half Marathon Done","start_date":"2015-05-17","workout_type_name":"long run","elapsed_time_formatted":"01:27:21","pace_in_seconds":325.7302672467371,"pace":"5:26","pace_unit":"/km","elevation":56,"elevation_unit":"m","cadence":"","suffer_score":"","gear_name":"ASICS GT-2000 2","average_heartrate":-1,"average_hr_zone":"na","max_heartrate":-1,"max_hr_zone":"na"}]