[{"is_imperial_unit":false,"best_effort_type":"2 mile","elapsed_time":801,"activity_id":690216722,"activity_name":"Sri Chinmoy Sumner 2016 Race #1","start_date":"2016-02-28","workout_type_name":"race","elapsed_time_formatted":"00:13:21","pace":"4:09","pace_unit":"/km","elevation":65,"elevation_unit":"m","cadence":183,"suffer_score":84,"gear_name":"ASICS DS Racer 9","average_heartrate":176,"average_hr_zone":"4","max_heartrate":185,"max_hr_zone":"5"},{"is_imperial_unit":false,"best_effort_type":"2 mile","elapsed_time":805,"activity_id":690213152,"activity_name":"Sri Chinmoy 10km Christmas Dash 2015","start_date":"2015-12-13","workout_type_name":"race","elapsed_time_formatted":"00:13:25","pace":"4:10","pace_unit":"/km","elevation":44,"elevation_unit":"m","cadence":177,"suffer_score":184,"gear_name":"ASICS DS Racer 9","average_heartrate":173,"average_hr_zone":"4","max_heartrate":180,"max_hr_zone":"4"},{"is_imperial_unit":false,"best_effort_type":"2 mile","elapsed_time":812,"activity_id":690208774,"activity_name":"RaceTeam Week #2 - Track Session","start_date":"2015-09-22","workout_type_name":"workout","elapsed_time_formatted":"00:13:32","pace":"4:12","pace_unit":"/km","elevation":0,"elevation_unit":"m","cadence":180,"suffer_score":87,"gear_name":"ASICS DS Trainer 19 (Blue)","average_heartrate":160,"average_hr_zone":"2","max_heartrate":172,"max_hr_zone":"4"},{"is_imperial_unit":false,"best_effort_type":"2 mile","elapsed_time":822,"activity_id":690201353,"activity_name":"Christchurch Marathon 2015","start_date":"2015-05-31","workout_type_name":"race","elapsed_time_formatted":"00:13:42","pace":"4:15","pace_unit":"/km","elevation":28,"elevation_unit":"m","cadence":"","suffer_score":162,"gear_name":"ASICS DS Racer 9","average_heartrate":170,"average_hr_zone":"3","max_heartrate":181,"max_hr_zone":"4"},{"is_imperial_unit":false,"best_effort_type":"2 mile","elapsed_time":861,"activity_id":690197197,"activity_name":"First run back in Wuhan, China","start_date":"2015-02-12","workout_type_name":"run","elapsed_time_formatted":"00:14:21","pace":"4:27","pace_unit":"/km","elevation":0,"elevation_unit":"m","cadence":"","suffer_score":"","gear_name":"ASICS GT-2000 2","average_heartrate":-1,"average_hr_zone":"na","max_heartrate":-1,"max_hr_zone":"na"},{"is_imperial_unit":false,"best_effort_type":"2 mile","elapsed_time":868,"activity_id":690196381,"activity_name":"Shoe Clinic ASICS 5K Series 2015 Race #3","start_date":"2015-01-20","workout_type_name":"race","elapsed_time_formatted":"00:14:28","pace":"4:30","pace_unit":"/km","elevation":23,"elevation_unit":"m","cadence":"","suffer_score":"","gear_name":"ASICS DS Racer 9","average_heartrate":-1,"average_hr_zone":"na","max_heartrate":-1,"max_hr_zone":"na"},{"is_imperial_unit":false,"best_effort_type":"2 mile","elapsed_time":896,"activity_id":690196182,"activity_name":"Shoe Clinic ASICS 5K Series 2015 Race #2","start_date":"2015-01-13","workout_type_name":"race","elapsed_time_formatted":"00:14:56","pace":"4:38","pace_unit":"/km","elevation":24,"elevation_unit":"m","cadence":"","suffer_score":"","gear_name":"ASICS DS Racer 9","average_heartrate":-1,"average_hr_zone":"na","max_heartrate":-1,"max_hr_zone":"na"},{"is_imperial_unit":false,"best_effort_type":"2 mile","elapsed_time":915,"activity_id":690190153,"activity_name":"Christchurch Marathon 2014","start_date":"2014-06-01","workout_type_name":"race","elapsed_time_formatted":"00:15:15","pace":"4:44","pace_unit":"/km","elevation":13,"elevation_unit":"m","cadence":"","suffer_score":"","gear_name":"Fila Facilitator","average_heartrate":-1,"average_hr_zone":"na","max_heartrate":-1,"max_hr_zone":"na"},{"is_imperial_unit":false,"best_effort_type":"2 mile","elapsed_time":942,"activity_id":690189445,"activity_name":"10km run 10 days prior to Christchurch Marathon","start_date":"2014-05-21","workout_type_name":"long run","elapsed_time_formatted":"00:15:42","pace":"4:53","pace_unit":"/km","elevation":24,"elevation_unit":"m","cadence":"","suffer_score":"","gear_name":"Fila Facilitator","average_heartrate":-1,"average_hr_zone":"na","max_heartrate":-1,"max_hr_zone":"na"},{"is_imperial_unit":false,"best_effort_type":"2 mile","elapsed_time":958,"activity_id":690187767,"activity_name":"4 Weeks til Christchurch Marathon","start_date":"2014-05-04","workout_type_name":"run","elapsed_time_formatted":"00:15:58","pace":"4:58","pace_unit":"/km","elevation":11,"elevation_unit":"m","cadence":"","suffer_score":"","gear_name":"Fila Facilitator","average_heartrate":-1,"average_hr_zone":"na","max_heartrate":-1,"max_hr_zone":"na"},{"is_imperial_unit":false,"best_effort_type":"2 mile","elapsed_time":983,"activity_id":690186399,"activity_name":"Monday arvo 5km run at a near sub-5 pace","start_date":"2014-04-21","workout_type_name":"run","elapsed_time_formatted":"00:16:23","pace":"5:05","pace_unit":"/km","elevation":0,"elevation_unit":"m","cadence":"","suffer_score":"","gear_name":"Fila Facilitator","average_heartrate":-1,"average_hr_zone":"na","max_heartrate":-1,"max_hr_zone":"na"},{"is_imperial_unit":false,"best_effort_type":"2 mile","elapsed_time":1042,"activity_id":690185830,"activity_name":"Wet Tuesday night laps around the block","start_date":"2014-04-15","workout_type_name":"run","elapsed_time_formatted":"00:17:22","pace":"5:24","pace_unit":"/km","elevation":0,"elevation_unit":"m","cadence":"","suffer_score":"","gear_name":"Fila Facilitator","average_heartrate":-1,"average_hr_zone":"na","max_heartrate":-1,"max_hr_zone":"na"},{"is_imperial_unit":false,"best_effort_type":"2 mile","elapsed_time":1097,"activity_id":690185709,"activity_name":"Cutts and Delaware loop run on a rainy night","start_date":"2014-04-14","workout_type_name":"run","elapsed_time_formatted":"00:18:17","pace":"5:41","pace_unit":"/km","elevation":0,"elevation_unit":"m","cadence":"","suffer_score":"","gear_name":"Fila Facilitator","average_heartrate":-1,"average_hr_zone":"na","max_heartrate":-1,"max_hr_zone":"na"},{"is_imperial_unit":false,"best_effort_type":"2 mile","elapsed_time":1118,"activity_id":690184729,"activity_name":"Saturday night run to Avonhead Park along Withells Road","start_date":"2014-03-22","workout_type_name":"run","elapsed_time_formatted":"00:18:38","pace":"5:47","pace_unit":"/km","elevation":14,"elevation_unit":"m","cadence":"","suffer_score":"","gear_name":"Fila Facilitator","average_heartrate":-1,"average_hr_zone":"na","max_heartrate":-1,"max_hr_zone":"na"},{"is_imperial_unit":false,"best_effort_type":"2 mile","elapsed_time":1121,"activity_id":690181250,"activity_name":"Avonhead, Christchurch, New Zealand","start_date":"2014-01-21","workout_type_name":"run","elapsed_time_formatted":"00:18:41","pace":"5:48","pace_unit":"/km","elevation":0,"elevation_unit":"m","cadence":"","suffer_score":"","gear_name":"Fila Facilitator","average_heartrate":-1,"average_hr_zone":"na","max_heartrate":-1,"max_hr_zone":"na"},{"is_imperial_unit":false,"best_effort_type":"2 mile","elapsed_time":1198,"activity_id":690180641,"activity_name":"Short 3km run along Withells Road","start_date":"2014-01-09","workout_type_name":"run","elapsed_time_formatted":"00:19:58","pace":"6:12","pace_unit":"/km","elevation":0,"elevation_unit":"m","cadence":"","suffer_score":"","gear_name":"Fila Facilitator","average_heartrate":-1,"average_hr_zone":"na","max_heartrate":-1,"max_hr_zone":"na"}]