[{"is_imperial_unit":false,"best_effort_type":"Half Marathon","elapsed_time":5631,"activity_id":690235515,"activity_name":"Southern Lakes Half Marathon 2016","start_date":"2016-04-02","workout_type_name":"race","elapsed_time_formatted":"01:33:51","pace_in_seconds":266.90998720197183,"pace":"4:27","pace_unit":"/km","elevation":16,"elevation_unit":"m","cadence":179,"suffer_score":271,"gear_name":"ASICS DS Trainer 19 (Blue)","average_heartrate":169,"average_hr_zone":"3","max_heartrate":180,"max_hr_zone":"4"},{"is_imperial_unit":false,"best_effort_type":"Half Marathon","elapsed_time":5861,"activity_id":690216114,"activity_name":"Buller Gorge Marathon 2016","start_date":"2016-02-13","workout_type_name":"race","elapsed_time_formatted":"01:37:41","pace_in_seconds":277.8120111864246,"pace":"4:38","pace_unit":"/km","elevation":351,"elevation_unit":"m","cadence":177,"suffer_score":299,"gear_name":"ASICS DS Trainer 19 (Blue)","average_heartrate":169,"average_hr_zone":"3","max_heartrate":176,"max_hr_zone":"4"},{"is_imperial_unit":false,"best_effort_type":"Half Marathon","elapsed_time":6183,"activity_id":690211873,"activity_name":"Queenstown Marathon 2015","start_date":"2015-11-21","workout_type_name":"race","elapsed_time_formatted":"01:43:03","pace_in_seconds":293.0748447646585,"pace":"4:53","pace_unit":"/km","elevation":206,"elevation_unit":"m","cadence":174,"suffer_score":285,"gear_name":"ASICS DS Trainer 19 (Blue)","average_heartrate":167,"average_hr_zone":"3","max_heartrate":184,"max_hr_zone":"5"},{"is_imperial_unit":false,"best_effort_type":"Half Marathon","elapsed_time":6918,"activity_id":690200263,"activity_name":"Second Half Marathon Done","start_date":"2015-05-17","workout_type_name":"long run","elapsed_time_formatted":"01:55:18","pace_in_seconds":327.9139214106271,"pace":"5:28","pace_unit":"/km","elevation":56,"elevation_unit":"m","cadence":"","suffer_score":"","gear_name":"ASICS GT-2000 2","average_heartrate":-1,"average_hr_zone":"na","max_heartrate":-1,"max_hr_zone":"na"}]